192.168.65.1 - - [07/Dec/2023:09:16:52 +0000] "GET /api/v1/applications/snapshot/6571644fc705506d4658c67b HTTP/1.1" 200 129 "http://localhost:8080/app/onus/professor-657182490915fa77d3fee654/edit?branch=inas_branch" "Mozilla/5.0 (Macintosh; Intel Mac OS X 10_15_7) AppleWebKit/537.36 (KHTML, like Gecko) Chrome/119.0.0.0 Safari/537.36"
192.168.65.1 - - [07/Dec/2023:09:16:52 +0000] "POST /api/v1/actions/execute HTTP/1.1" 200 580 "http://localhost:8080/app/onus/professor-657182490915fa77d3fee654/edit?branch=inas_branch" "Mozilla/5.0 (Macintosh; Intel Mac OS X 10_15_7) AppleWebKit/537.36 (KHTML, like Gecko) Chrome/119.0.0.0 Safari/537.36"
192.168.65.1 - - [07/Dec/2023:09:16:58 +0000] "PUT /api/v1/actions/657184690915fa77d3fee65e HTTP/1.1" 200 708 "http://localhost:8080/app/onus/professor-657182490915fa77d3fee654/edit/api/657184690915fa77d3fee65e?branch=inas_branch" "Mozilla/5.0 (Macintosh; Intel Mac OS X 10_15_7) AppleWebKit/537.36 (KHTML, like Gecko) Chrome/119.0.0.0 Safari/537.36"
127.0.0.1 - - [07/Dec/2023:09:17:02 +0000] "GET / HTTP/1.1" 200 6933 "-" "curl/7.68.0"
127.0.0.1 - - [07/Dec/2023:09:17:18 +0000] "GET / HTTP/1.1" 200 6933 "-" "curl/7.68.0"
192.168.65.1 - - [07/Dec/2023:09:17:28 +0000] "PUT /api/v1/actions/657184690915fa77d3fee65e HTTP/1.1" 200 708 "http://localhost:8080/app/onus/professor-657182490915fa77d3fee654/edit/api/657184690915fa77d3fee65e?branch=inas_branch" "Mozilla/5.0 (Macintosh; Intel Mac OS X 10_15_7) AppleWebKit/537.36 (KHTML, like Gecko) Chrome/119.0.0.0 Safari/537.36"
127.0.0.1 - - [07/Dec/2023:09:17:33 +0000] "GET / HTTP/1.1" 200 6933 "-" "curl/7.68.0"
192.168.65.1 - - [07/Dec/2023:09:17:35 +0000] "POST /api/v1/actions HTTP/1.1" 201 1245 "http://localhost:8080/app/onus/professor-657182490915fa77d3fee654/edit/api/657184690915fa77d3fee65e?branch=inas_branch" "Mozilla/5.0 (Macintosh; Intel Mac OS X 10_15_7) AppleWebKit/537.36 (KHTML, like Gecko) Chrome/119.0.0.0 Safari/537.36"
127.0.0.1 - - [07/Dec/2023:09:17:48 +0000] "GET / HTTP/1.1" 200 6933 "-" "curl/7.68.0"
127.0.0.1 - - [07/Dec/2023:09:18:03 +0000] "GET / HTTP/1.1" 200 6933 "-" "curl/7.68.0"
127.0.0.1 - - [07/Dec/2023:09:18:18 +0000] "GET / HTTP/1.1" 200 6933 "-" "curl/7.68.0"
127.0.0.1 - - [07/Dec/2023:09:18:33 +0000] "GET / HTTP/1.1" 200 6933 "-" "curl/7.68.0"
192.168.65.1 - - [07/Dec/2023:09:18:43 +0000] "PUT /api/v1/actions/65718daf0915fa77d3fee674 HTTP/1.1" 200 622 "http://localhost:8080/app/onus/professor-657182490915fa77d3fee654/edit/api/65718daf0915fa77d3fee674?branch=inas_branch&editName=true&from=datasources" "Mozilla/5.0 (Macintosh; Intel Mac OS X 10_15_7) AppleWebKit/537.36 (KHTML, like Gecko) Chrome/119.0.0.0 Safari/537.36"
192.168.65.1 - - [07/Dec/2023:09:18:44 +0000] "PUT /api/v1/actions/65718daf0915fa77d3fee674 HTTP/1.1" 200 624 "http://localhost:8080/app/onus/professor-657182490915fa77d3fee654/edit/api/65718daf0915fa77d3fee674?branch=inas_branch&editName=true&from=datasources" "Mozilla/5.0 (Macintosh; Intel Mac OS X 10_15_7) AppleWebKit/537.36 (KHTML, like Gecko) Chrome/119.0.0.0 Safari/537.36"
192.168.65.1 - - [07/Dec/2023:09:18:47 +0000] "PUT /api/v1/actions/65718daf0915fa77d3fee674 HTTP/1.1" 200 654 "http://localhost:8080/app/onus/professor-657182490915fa77d3fee654/edit/api/65718daf0915fa77d3fee674?branch=inas_branch&editName=true&from=datasources" "Mozilla/5.0 (Macintosh; Intel Mac OS X 10_15_7) AppleWebKit/537.36 (KHTML, like Gecko) Chrome/119.0.0.0 Safari/537.36"
127.0.0.1 - - [07/Dec/2023:09:18:48 +0000] "GET / HTTP/1.1" 200 6933 "-" "curl/7.68.0"
192.168.65.1 - - [07/Dec/2023:09:18:50 +0000] "PUT /api/v1/actions/65718daf0915fa77d3fee674 HTTP/1.1" 200 653 "http://localhost:8080/app/onus/professor-657182490915fa77d3fee654/edit/api/65718daf0915fa77d3fee674?branch=inas_branch&editName=true&from=datasources" "Mozilla/5.0 (Macintosh; Intel Mac OS X 10_15_7) AppleWebKit/537.36 (KHTML, like Gecko) Chrome/119.0.0.0 Safari/537.36"
192.168.65.1 - - [07/Dec/2023:09:18:52 +0000] "PUT /api/v1/actions/65718daf0915fa77d3fee674 HTTP/1.1" 200 646 "http://localhost:8080/app/onus/professor-657182490915fa77d3fee654/edit/api/65718daf0915fa77d3fee674?branch=inas_branch&editName=true&from=datasources" "Mozilla/5.0 (Macintosh; Intel Mac OS X 10_15_7) AppleWebKit/537.36 (KHTML, like Gecko) Chrome/119.0.0.0 Safari/537.36"
192.168.65.1 - - [07/Dec/2023:09:18:53 +0000] "PUT /api/v1/actions/65718daf0915fa77d3fee674 HTTP/1.1" 200 645 "http://localhost:8080/app/onus/professor-657182490915fa77d3fee654/edit/api/65718daf0915fa77d3fee674?branch=inas_branch&editName=true&from=datasources" "Mozilla/5.0 (Macintosh; Intel Mac OS X 10_15_7) AppleWebKit/537.36 (KHTML, like Gecko) Chrome/119.0.0.0 Safari/537.36"
192.168.65.1 - - [07/Dec/2023:09:18:54 +0000] "PUT /api/v1/actions/65718daf0915fa77d3fee674 HTTP/1.1" 200 646 "http://localhost:8080/app/onus/professor-657182490915fa77d3fee654/edit/api/65718daf0915fa77d3fee674?branch=inas_branch&editName=true&from=datasources" "Mozilla/5.0 (Macintosh; Intel Mac OS X 10_15_7) AppleWebKit/537.36 (KHTML, like Gecko) Chrome/119.0.0.0 Safari/537.36"
192.168.65.1 - - [07/Dec/2023:09:18:57 +0000] "PUT /api/v1/actions/65718daf0915fa77d3fee674 HTTP/1.1" 200 635 "http://localhost:8080/app/onus/professor-657182490915fa77d3fee654/edit/api/65718daf0915fa77d3fee674?branch=inas_branch&editName=true&from=datasources" "Mozilla/5.0 (Macintosh; Intel Mac OS X 10_15_7) AppleWebKit/537.36 (KHTML, like Gecko) Chrome/119.0.0.0 Safari/537.36"
192.168.65.1 - - [07/Dec/2023:09:18:59 +0000] "PUT /api/v1/actions/65718daf0915fa77d3fee674 HTTP/1.1" 200 637 "http://localhost:8080/app/onus/professor-657182490915fa77d3fee654/edit/api/65718daf0915fa77d3fee674?branch=inas_branch&editName=true&from=datasources" "Mozilla/5.0 (Macintosh; Intel Mac OS X 10_15_7) AppleWebKit/537.36 (KHTML, like Gecko) Chrome/119.0.0.0 Safari/537.36"
192.168.65.1 - - [07/Dec/2023:09:19:01 +0000] "PUT /api/v1/actions/65718daf0915fa77d3fee674 HTTP/1.1" 200 638 "http://localhost:8080/app/onus/professor-657182490915fa77d3fee654/edit/api/65718daf0915fa77d3fee674?branch=inas_branch&editName=true&from=datasources" "Mozilla/5.0 (Macintosh; Intel Mac OS X 10_15_7) AppleWebKit/537.36 (KHTML, like Gecko) Chrome/119.0.0.0 Safari/537.36"
192.168.65.1 - - [07/Dec/2023:09:19:02 +0000] "POST /api/v1/actions/execute HTTP/1.1" 200 542 "http://localhost:8080/app/onus/professor-657182490915fa77d3fee654/edit/api/65718daf0915fa77d3fee674?branch=inas_branch&editName=true&from=datasources" "Mozilla/5.0 (Macintosh; Intel Mac OS X 10_15_7) AppleWebKit/537.36 (KHTML, like Gecko) Chrome/119.0.0.0 Safari/537.36"
127.0.0.1 - - [07/Dec/2023:09:19:04 +0000] "GET / HTTP/1.1" 200 6933 "-" "curl/7.68.0"
192.168.65.1 - - [07/Dec/2023:09:19:13 +0000] "PUT /api/v1/actions/65718daf0915fa77d3fee674 HTTP/1.1" 200 681 "http://localhost:8080/app/onus/professor-657182490915fa77d3fee654/edit/api/65718daf0915fa77d3fee674?branch=inas_branch&editName=true&from=datasources" "Mozilla/5.0 (Macintosh; Intel Mac OS X 10_15_7) AppleWebKit/537.36 (KHTML, like Gecko) Chrome/119.0.0.0 Safari/537.36"
192.168.65.1 - - [07/Dec/2023:09:19:18 +0000] "PUT /api/v1/actions/65718daf0915fa77d3fee674 HTTP/1.1" 200 680 "http://localhost:8080/app/onus/professor-657182490915fa77d3fee654/edit/api/65718daf0915fa77d3fee674?branch=inas_branch&editName=true&from=datasources" "Mozilla/5.0 (Macintosh; Intel Mac OS X 10_15_7) AppleWebKit/537.36 (KHTML, like Gecko) Chrome/119.0.0.0 Safari/537.36"
127.0.0.1 - - [07/Dec/2023:09:19:19 +0000] "GET / HTTP/1.1" 200 6933 "-" "curl/7.68.0"
192.168.65.1 - - [07/Dec/2023:09:19:20 +0000] "POST /api/v1/actions/execute HTTP/1.1" 200 5192 "http://localhost:8080/app/onus/professor-657182490915fa77d3fee654/edit/api/65718daf0915fa77d3fee674?branch=inas_branch&editName=true&from=datasources" "Mozilla/5.0 (Macintosh; Intel Mac OS X 10_15_7) AppleWebKit/537.36 (KHTML, like Gecko) Chrome/119.0.0.0 Safari/537.36"
192.168.65.1 - - [07/Dec/2023:09:19:30 +0000] "PUT /api/v1/actions/657184690915fa77d3fee65e HTTP/1.1" 200 708 "http://localhost:8080/app/onus/professor-657182490915fa77d3fee654/edit/api/657184690915fa77d3fee65e?branch=inas_branch" "Mozilla/5.0 (Macintosh; Intel Mac OS X 10_15_7) AppleWebKit/537.36 (KHTML, like Gecko) Chrome/119.0.0.0 Safari/537.36"
192.168.65.1 - - [07/Dec/2023:09:19:34 +0000] "PUT /api/v1/actions/executeOnLoad/657184690915fa77d3fee65e?flag=false HTTP/1.1" 200 693 "http://localhost:8080/app/onus/professor-657182490915fa77d3fee654/edit/api/657184690915fa77d3fee65e?branch=inas_branch" "Mozilla/5.0 (Macintosh; Intel Mac OS X 10_15_7) AppleWebKit/537.36 (KHTML, like Gecko) Chrome/119.0.0.0 Safari/537.36"
127.0.0.1 - - [07/Dec/2023:09:19:34 +0000] "GET / HTTP/1.1" 200 6933 "-" "curl/7.68.0"
192.168.65.1 - - [07/Dec/2023:09:19:38 +0000] "PUT /api/v1/actions/65718daf0915fa77d3fee674 HTTP/1.1" 200 680 "http://localhost:8080/app/onus/professor-657182490915fa77d3fee654/edit/api/65718daf0915fa77d3fee674?branch=inas_branch" "Mozilla/5.0 (Macintosh; Intel Mac OS X 10_15_7) AppleWebKit/537.36 (KHTML, like Gecko) Chrome/119.0.0.0 Safari/537.36"
127.0.0.1 - - [07/Dec/2023:09:19:49 +0000] "GET / HTTP/1.1" 200 6933 "-" "curl/7.68.0"
127.0.0.1 - - [07/Dec/2023:09:20:04 +0000] "GET / HTTP/1.1" 200 6933 "-" "curl/7.68.0"
192.168.65.1 - - [07/Dec/2023:09:20:19 +0000] "POST /api/v1/actions/execute HTTP/1.1" 200 5115 "http://localhost:8080/app/onus/professor-657182490915fa77d3fee654/edit/api/65718daf0915fa77d3fee674?branch=inas_branch" "Mozilla/5.0 (Macintosh; Intel Mac OS X 10_15_7) AppleWebKit/537.36 (KHTML, like Gecko) Chrome/119.0.0.0 Safari/537.36"
127.0.0.1 - - [07/Dec/2023:09:20:20 +0000] "GET / HTTP/1.1" 200 6933 "-" "curl/7.68.0"
127.0.0.1 - - [07/Dec/2023:09:20:35 +0000] "GET / HTTP/1.1" 200 6933 "-" "curl/7.68.0"
127.0.0.1 - - [07/Dec/2023:09:20:50 +0000] "GET / HTTP/1.1" 200 6933 "-" "curl/7.68.0"
192.168.65.1 - - [07/Dec/2023:09:21:02 +0000] "PUT /api/v1/actions/65718daf0915fa77d3fee674 HTTP/1.1" 200 678 "http://localhost:8080/app/onus/professor-657182490915fa77d3fee654/edit/api/65718daf0915fa77d3fee674?branch=inas_branch" "Mozilla/5.0 (Macintosh; Intel Mac OS X 10_15_7) AppleWebKit/537.36 (KHTML, like Gecko) Chrome/119.0.0.0 Safari/537.36"
192.168.65.1 - - [07/Dec/2023:09:21:02 +0000] "PUT /api/v1/actions/65718daf0915fa77d3fee674 HTTP/1.1" 200 677 "http://localhost:8080/app/onus/professor-657182490915fa77d3fee654/edit/api/65718daf0915fa77d3fee674?branch=inas_branch" "Mozilla/5.0 (Macintosh; Intel Mac OS X 10_15_7) AppleWebKit/537.36 (KHTML, like Gecko) Chrome/119.0.0.0 Safari/537.36"
127.0.0.1 - - [07/Dec/2023:09:21:05 +0000] "GET / HTTP/1.1" 200 6933 "-" "curl/7.68.0"
192.168.65.1 - - [07/Dec/2023:09:21:09 +0000] "PUT /api/v1/actions/65718daf0915fa77d3fee674 HTTP/1.1" 200 677 "http://localhost:8080/app/onus/professor-657182490915fa77d3fee654/edit/api/65718daf0915fa77d3fee674?branch=inas_branch" "Mozilla/5.0 (Macintosh; Intel Mac OS X 10_15_7) AppleWebKit/537.36 (KHTML, like Gecko) Chrome/119.0.0.0 Safari/537.36"
192.168.65.1 - - [07/Dec/2023:09:21:12 +0000] "PUT /api/v1/actions/65718daf0915fa77d3fee674 HTTP/1.1" 499 0 "http://localhost:8080/app/onus/professor-657182490915fa77d3fee654/edit/api/65718daf0915fa77d3fee674?branch=inas_branch" "Mozilla/5.0 (Macintosh; Intel Mac OS X 10_15_7) AppleWebKit/537.36 (KHTML, like Gecko) Chrome/119.0.0.0 Safari/537.36"
192.168.65.1 - - [07/Dec/2023:09:21:12 +0000] "PUT /api/v1/actions/65718daf0915fa77d3fee674 HTTP/1.1" 200 695 "http://localhost:8080/app/onus/professor-657182490915fa77d3fee654/edit/api/65718daf0915fa77d3fee674?branch=inas_branch" "Mozilla/5.0 (Macintosh; Intel Mac OS X 10_15_7) AppleWebKit/537.36 (KHTML, like Gecko) Chrome/119.0.0.0 Safari/537.36"
192.168.65.1 - - [07/Dec/2023:09:21:14 +0000] "PUT /api/v1/actions/65718daf0915fa77d3fee674 HTTP/1.1" 499 0 "http://localhost:8080/app/onus/professor-657182490915fa77d3fee654/edit/api/65718daf0915fa77d3fee674?branch=inas_branch" "Mozilla/5.0 (Macintosh; Intel Mac OS X 10_15_7) AppleWebKit/537.36 (KHTML, like Gecko) Chrome/119.0.0.0 Safari/537.36"
192.168.65.1 - - [07/Dec/2023:09:21:14 +0000] "PUT /api/v1/actions/65718daf0915fa77d3fee674 HTTP/1.1" 200 709 "http://localhost:8080/app/onus/professor-657182490915fa77d3fee654/edit/api/65718daf0915fa77d3fee674?branch=inas_branch" "Mozilla/5.0 (Macintosh; Intel Mac OS X 10_15_7) AppleWebKit/537.36 (KHTML, like Gecko) Chrome/119.0.0.0 Safari/537.36"
127.0.0.1 - - [07/Dec/2023:09:21:20 +0000] "GET / HTTP/1.1" 200 6933 "-" "curl/7.68.0"
192.168.65.1 - - [07/Dec/2023:09:21:26 +0000] "PUT /api/v1/actions/65718daf0915fa77d3fee674 HTTP/1.1" 200 709 "http://localhost:8080/app/onus/professor-657182490915fa77d3fee654/edit/api/65718daf0915fa77d3fee674?branch=inas_branch" "Mozilla/5.0 (Macintosh; Intel Mac OS X 10_15_7) AppleWebKit/537.36 (KHTML, like Gecko) Chrome/119.0.0.0 Safari/537.36"
192.168.65.1 - - [07/Dec/2023:09:21:27 +0000] "POST /api/v1/actions/execute HTTP/1.1" 200 5094 "http://localhost:8080/app/onus/professor-657182490915fa77d3fee654/edit/api/65718daf0915fa77d3fee674?branch=inas_branch" "Mozilla/5.0 (Macintosh; Intel Mac OS X 10_15_7) AppleWebKit/537.36 (KHTML, like Gecko) Chrome/119.0.0.0 Safari/537.36"
127.0.0.1 - - [07/Dec/2023:09:21:35 +0000] "GET / HTTP/1.1" 200 6933 "-" "curl/7.68.0"
127.0.0.1 - - [07/Dec/2023:09:21:51 +0000] "GET / HTTP/1.1" 200 6933 "-" "curl/7.68.0"
127.0.0.1 - - [07/Dec/2023:09:22:06 +0000] "GET / HTTP/1.1" 200 6933 "-" "curl/7.68.0"
127.0.0.1 - - [07/Dec/2023:09:22:21 +0000] "GET / HTTP/1.1" 200 6933 "-" "curl/7.68.0"
127.0.0.1 - - [07/Dec/2023:09:22:36 +0000] "GET / HTTP/1.1" 200 6933 "-" "curl/7.68.0"
127.0.0.1 - - [07/Dec/2023:09:22:51 +0000] "GET / HTTP/1.1" 200 6933 "-" "curl/7.68.0"
192.168.65.1 - - [07/Dec/2023:09:23:04 +0000] "POST /api/v1/actions/execute HTTP/1.1" 200 5198 "http://localhost:8080/app/onus/professor-657182490915fa77d3fee654/edit/api/65718daf0915fa77d3fee674?branch=inas_branch" "Mozilla/5.0 (Macintosh; Intel Mac OS X 10_15_7) AppleWebKit/537.36 (KHTML, like Gecko) Chrome/119.0.0.0 Safari/537.36"
127.0.0.1 - - [07/Dec/2023:09:23:06 +0000] "GET / HTTP/1.1" 200 6933 "-" "curl/7.68.0"
192.168.65.1 - - [07/Dec/2023:09:23:21 +0000] "PUT /api/v1/layouts/657182490915fa77d3fee652/pages/657182490915fa77d3fee654?applicationId=6571644fc705506d4658c67b HTTP/1.1" 200 2116 "http://localhost:8080/app/onus/professor-657182490915fa77d3fee654/edit/widgets/gcic6y90zm?branch=inas_branch" "Mozilla/5.0 (Macintosh; Intel Mac OS X 10_15_7) AppleWebKit/537.36 (KHTML, like Gecko) Chrome/119.0.0.0 Safari/537.36"
127.0.0.1 - - [07/Dec/2023:09:23:22 +0000] "GET / HTTP/1.1" 200 6933 "-" "curl/7.68.0"
192.168.65.1 - - [07/Dec/2023:09:23:26 +0000] "PUT /api/v1/layouts/657182490915fa77d3fee652/pages/657182490915fa77d3fee654?applicationId=6571644fc705506d4658c67b HTTP/1.1" 200 2117 "http://localhost:8080/app/onus/professor-657182490915fa77d3fee654/edit/widgets/4w5uv5dfhx?branch=inas_branch" "Mozilla/5.0 (Macintosh; Intel Mac OS X 10_15_7) AppleWebKit/537.36 (KHTML, like Gecko) Chrome/119.0.0.0 Safari/537.36"
192.168.65.1 - - [07/Dec/2023:09:23:27 +0000] "PUT /api/v1/layouts/657182490915fa77d3fee652/pages/657182490915fa77d3fee654?applicationId=6571644fc705506d4658c67b HTTP/1.1" 200 2264 "http://localhost:8080/app/onus/professor-657182490915fa77d3fee654/edit/widgets/4w5uv5dfhx?branch=inas_branch" "Mozilla/5.0 (Macintosh; Intel Mac OS X 10_15_7) AppleWebKit/537.36 (KHTML, like Gecko) Chrome/119.0.0.0 Safari/537.36"
192.168.65.1 - - [07/Dec/2023:09:23:28 +0000] "PUT /api/v1/layouts/657182490915fa77d3fee652/pages/657182490915fa77d3fee654?applicationId=6571644fc705506d4658c67b HTTP/1.1" 200 2217 "http://localhost:8080/app/onus/professor-657182490915fa77d3fee654/edit/widgets/4w5uv5dfhx?branch=inas_branch" "Mozilla/5.0 (Macintosh; Intel Mac OS X 10_15_7) AppleWebKit/537.36 (KHTML, like Gecko) Chrome/119.0.0.0 Safari/537.36"
192.168.65.1 - - [07/Dec/2023:09:23:31 +0000] "PUT /api/v1/actions/65718daf0915fa77d3fee674 HTTP/1.1" 200 711 "http://localhost:8080/app/onus/professor-657182490915fa77d3fee654/edit/api/65718daf0915fa77d3fee674?branch=inas_branch" "Mozilla/5.0 (Macintosh; Intel Mac OS X 10_15_7) AppleWebKit/537.36 (KHTML, like Gecko) Chrome/119.0.0.0 Safari/537.36"
192.168.65.1 - - [07/Dec/2023:09:23:32 +0000] "PUT /api/v1/actions/executeOnLoad/65718daf0915fa77d3fee674?flag=false HTTP/1.1" 200 694 "http://localhost:8080/app/onus/professor-657182490915fa77d3fee654/edit/api/65718daf0915fa77d3fee674?branch=inas_branch" "Mozilla/5.0 (Macintosh; Intel Mac OS X 10_15_7) AppleWebKit/537.36 (KHTML, like Gecko) Chrome/119.0.0.0 Safari/537.36"
127.0.0.1 - - [07/Dec/2023:09:23:37 +0000] "GET / HTTP/1.1" 200 6933 "-" "curl/7.68.0"
192.168.65.1 - - [07/Dec/2023:09:23:44 +0000] "POST /api/v1/actions/execute HTTP/1.1" 200 459 "http://localhost:8080/app/onus/professor-657182490915fa77d3fee654/edit/widgets/ybv4sjarar?branch=inas_branch" "Mozilla/5.0 (Macintosh; Intel Mac OS X 10_15_7) AppleWebKit/537.36 (KHTML, like Gecko) Chrome/119.0.0.0 Safari/537.36"
192.168.65.1 - - [07/Dec/2023:09:23:49 +0000] "PUT /api/v1/layouts/657182490915fa77d3fee652/pages/657182490915fa77d3fee654?applicationId=6571644fc705506d4658c67b HTTP/1.1" 200 2119 "http://localhost:8080/app/onus/professor-657182490915fa77d3fee654/edit/widgets/4w5uv5dfhx?branch=inas_branch" "Mozilla/5.0 (Macintosh; Intel Mac OS X 10_15_7) AppleWebKit/537.36 (KHTML, like Gecko) Chrome/119.0.0.0 Safari/537.36"
127.0.0.1 - - [07/Dec/2023:09:23:52 +0000] "GET / HTTP/1.1" 200 6933 "-" "curl/7.68.0"
192.168.65.1 - - [07/Dec/2023:09:23:57 +0000] "PUT /api/v1/layouts/657182490915fa77d3fee652/pages/657182490915fa77d3fee654?applicationId=6571644fc705506d4658c67b HTTP/1.1" 200 2218 "http://localhost:8080/app/onus/professor-657182490915fa77d3fee654/edit/widgets/wuq8xrioz7?branch=inas_branch" "Mozilla/5.0 (Macintosh; Intel Mac OS X 10_15_7) AppleWebKit/537.36 (KHTML, like Gecko) Chrome/119.0.0.0 Safari/537.36"
192.168.65.1 - - [07/Dec/2023:09:24:00 +0000] "PUT /api/v1/layouts/657182490915fa77d3fee652/pages/657182490915fa77d3fee654?applicationId=6571644fc705506d4658c67b HTTP/1.1" 200 2195 "http://localhost:8080/app/onus/professor-657182490915fa77d3fee654/edit/widgets/wuq8xrioz7?branch=inas_branch" "Mozilla/5.0 (Macintosh; Intel Mac OS X 10_15_7) AppleWebKit/537.36 (KHTML, like Gecko) Chrome/119.0.0.0 Safari/537.36"
192.168.65.1 - - [07/Dec/2023:09:24:01 +0000] "PUT /api/v1/layouts/657182490915fa77d3fee652/pages/657182490915fa77d3fee654?applicationId=6571644fc705506d4658c67b HTTP/1.1" 200 2190 "http://localhost:8080/app/onus/professor-657182490915fa77d3fee654/edit/widgets/wuq8xrioz7?branch=inas_branch" "Mozilla/5.0 (Macintosh; Intel Mac OS X 10_15_7) AppleWebKit/537.36 (KHTML, like Gecko) Chrome/119.0.0.0 Safari/537.36"
192.168.65.1 - - [07/Dec/2023:09:24:04 +0000] "PUT /api/v1/layouts/657182490915fa77d3fee652/pages/657182490915fa77d3fee654?applicationId=6571644fc705506d4658c67b HTTP/1.1" 200 2210 "http://localhost:8080/app/onus/professor-657182490915fa77d3fee654/edit?branch=inas_branch" "Mozilla/5.0 (Macintosh; Intel Mac OS X 10_15_7) AppleWebKit/537.36 (KHTML, like Gecko) Chrome/119.0.0.0 Safari/537.36"
127.0.0.1 - - [07/Dec/2023:09:24:07 +0000] "GET / HTTP/1.1" 200 6933 "-" "curl/7.68.0"
192.168.65.1 - - [07/Dec/2023:09:24:10 +0000] "PUT /api/v1/layouts/657182490915fa77d3fee652/pages/657182490915fa77d3fee654?applicationId=6571644fc705506d4658c67b HTTP/1.1" 200 2205 "http://localhost:8080/app/onus/professor-657182490915fa77d3fee654/edit/widgets/wuq8xrioz7?branch=inas_branch" "Mozilla/5.0 (Macintosh; Intel Mac OS X 10_15_7) AppleWebKit/537.36 (KHTML, like Gecko) Chrome/119.0.0.0 Safari/537.36"
192.168.65.1 - - [07/Dec/2023:09:24:12 +0000] "PUT /api/v1/layouts/657182490915fa77d3fee652/pages/657182490915fa77d3fee654?applicationId=6571644fc705506d4658c67b HTTP/1.1" 200 2209 "http://localhost:8080/app/onus/professor-657182490915fa77d3fee654/edit/widgets/4w5uv5dfhx?branch=inas_branch" "Mozilla/5.0 (Macintosh; Intel Mac OS X 10_15_7) AppleWebKit/537.36 (KHTML, like Gecko) Chrome/119.0.0.0 Safari/537.36"
127.0.0.1 - - [07/Dec/2023:09:24:22 +0000] "GET / HTTP/1.1" 200 6933 "-" "curl/7.68.0"
127.0.0.1 - - [07/Dec/2023:09:24:38 +0000] "GET / HTTP/1.1" 200 6933 "-" "curl/7.68.0"
127.0.0.1 - - [07/Dec/2023:09:24:53 +0000] "GET / HTTP/1.1" 200 6933 "-" "curl/7.68.0"
127.0.0.1 - - [07/Dec/2023:09:25:08 +0000] "GET / HTTP/1.1" 200 6933 "-" "curl/7.68.0"
127.0.0.1 - - [07/Dec/2023:09:25:23 +0000] "GET / HTTP/1.1" 200 6933 "-" "curl/7.68.0"
127.0.0.1 - - [07/Dec/2023:09:25:38 +0000] "GET / HTTP/1.1" 200 6933 "-" "curl/7.68.0"
192.168.65.1 - - [07/Dec/2023:09:25:44 +0000] "PUT /api/v1/layouts/657182490915fa77d3fee652/pages/657182490915fa77d3fee654?applicationId=6571644fc705506d4658c67b HTTP/1.1" 200 2206 "http://localhost:8080/app/onus/professor-657182490915fa77d3fee654/edit?branch=inas_branch" "Mozilla/5.0 (Macintosh; Intel Mac OS X 10_15_7) AppleWebKit/537.36 (KHTML, like Gecko) Chrome/119.0.0.0 Safari/537.36"
192.168.65.1 - - [07/Dec/2023:09:25:45 +0000] "POST /api/v1/actions/execute HTTP/1.1" 200 5196 "http://localhost:8080/app/onus/professor-657182490915fa77d3fee654/edit/widgets/gcic6y90zm?branch=inas_branch" "Mozilla/5.0 (Macintosh; Intel Mac OS X 10_15_7) AppleWebKit/537.36 (KHTML, like Gecko) Chrome/119.0.0.0 Safari/537.36"
192.168.65.1 - - [07/Dec/2023:09:25:51 +0000] "PUT /api/v1/layouts/657182490915fa77d3fee652/pages/657182490915fa77d3fee654?applicationId=6571644fc705506d4658c67b HTTP/1.1" 200 2199 "http://localhost:8080/app/onus/professor-657182490915fa77d3fee654/edit/widgets/m72ukyzvo4?branch=inas_branch" "Mozilla/5.0 (Macintosh; Intel Mac OS X 10_15_7) AppleWebKit/537.36 (KHTML, like Gecko) Chrome/119.0.0.0 Safari/537.36"
127.0.0.1 - - [07/Dec/2023:09:25:54 +0000] "GET / HTTP/1.1" 200 6933 "-" "curl/7.68.0"
192.168.65.1 - - [07/Dec/2023:09:25:58 +0000] "GET /api/v1/pages/657186450915fa77d3fee669 HTTP/1.1" 200 2673 "http://localhost:8080/app/onus/all-employees-657186450915fa77d3fee669/edit?branch=inas_branch" "Mozilla/5.0 (Macintosh; Intel Mac OS X 10_15_7) AppleWebKit/537.36 (KHTML, like Gecko) Chrome/119.0.0.0 Safari/537.36"
192.168.65.1 - - [07/Dec/2023:09:25:58 +0000] "GET /api/v1/applications/snapshot/6571644fc705506d4658c67b HTTP/1.1" 200 129 "http://localhost:8080/app/onus/all-employees-657186450915fa77d3fee669/edit/api/657187920915fa77d3fee66b?branch=inas_branch" "Mozilla/5.0 (Macintosh; Intel Mac OS X 10_15_7) AppleWebKit/537.36 (KHTML, like Gecko) Chrome/119.0.0.0 Safari/537.36"
192.168.65.1 - - [07/Dec/2023:09:25:58 +0000] "POST /api/v1/actions/execute HTTP/1.1" 200 5194 "http://localhost:8080/app/onus/all-employees-657186450915fa77d3fee669/edit/api/657187920915fa77d3fee66b?branch=inas_branch" "Mozilla/5.0 (Macintosh; Intel Mac OS X 10_15_7) AppleWebKit/537.36 (KHTML, like Gecko) Chrome/119.0.0.0 Safari/537.36"
192.168.65.1 - - [07/Dec/2023:09:25:58 +0000] "PUT /api/v1/actions/657187920915fa77d3fee66b HTTP/1.1" 200 645 "http://localhost:8080/app/onus/all-employees-657186450915fa77d3fee669/edit/api/657187920915fa77d3fee66b?branch=inas_branch" "Mozilla/5.0 (Macintosh; Intel Mac OS X 10_15_7) AppleWebKit/537.36 (KHTML, like Gecko) Chrome/119.0.0.0 Safari/537.36"
192.168.65.1 - - [07/Dec/2023:09:25:59 +0000] "GET /api/v1/pages/6571860e0915fa77d3fee664 HTTP/1.1" 200 2254 "http://localhost:8080/app/onus/employee-6571860e0915fa77d3fee664/edit?branch=inas_branch" "Mozilla/5.0 (Macintosh; Intel Mac OS X 10_15_7) AppleWebKit/537.36 (KHTML, like Gecko) Chrome/119.0.0.0 Safari/537.36"
192.168.65.1 - - [07/Dec/2023:09:25:59 +0000] "GET /api/v1/applications/snapshot/6571644fc705506d4658c67b HTTP/1.1" 200 129 "http://localhost:8080/app/onus/employee-6571860e0915fa77d3fee664/edit?branch=inas_branch" "Mozilla/5.0 (Macintosh; Intel Mac OS X 10_15_7) AppleWebKit/537.36 (KHTML, like Gecko) Chrome/119.0.0.0 Safari/537.36"
127.0.0.1 - - [07/Dec/2023:09:26:09 +0000] "GET / HTTP/1.1" 200 6933 "-" "curl/7.68.0"
192.168.65.1 - - [07/Dec/2023:09:26:20 +0000] "POST /api/v1/pages/clone/6571757ffe194669cf56277d HTTP/1.1" 200 2028 "http://localhost:8080/app/onus/employee-6571860e0915fa77d3fee664/edit/widgets/ybv4sjarar?branch=inas_branch" "Mozilla/5.0 (Macintosh; Intel Mac OS X 10_15_7) AppleWebKit/537.36 (KHTML, like Gecko) Chrome/119.0.0.0 Safari/537.36"
192.168.65.1 - - [07/Dec/2023:09:26:20 +0000] "GET /api/v1/collections/actions?pageId=65718fbc0915fa77d3fee677 HTTP/1.1" 200 101 "http://localhost:8080/app/onus/employee-6571860e0915fa77d3fee664/edit/widgets/ybv4sjarar?branch=inas_branch" "Mozilla/5.0 (Macintosh; Intel Mac OS X 10_15_7) AppleWebKit/537.36 (KHTML, like Gecko) Chrome/119.0.0.0 Safari/537.36"
192.168.65.1 - - [07/Dec/2023:09:26:20 +0000] "GET /api/v1/actions?pageId=65718fbc0915fa77d3fee677 HTTP/1.1" 200 719 "http://localhost:8080/app/onus/employee-6571860e0915fa77d3fee664/edit/widgets/ybv4sjarar?branch=inas_branch" "Mozilla/5.0 (Macintosh; Intel Mac OS X 10_15_7) AppleWebKit/537.36 (KHTML, like Gecko) Chrome/119.0.0.0 Safari/537.36"
192.168.65.1 - - [07/Dec/2023:09:26:20 +0000] "GET /api/v1/pages/65718fbc0915fa77d3fee677 HTTP/1.1" 200 2027 "http://localhost:8080/app/onus/add-study-break-copy-65718fbc0915fa77d3fee677/edit?branch=inas_branch" "Mozilla/5.0 (Macintosh; Intel Mac OS X 10_15_7) AppleWebKit/537.36 (KHTML, like Gecko) Chrome/119.0.0.0 Safari/537.36"
192.168.65.1 - - [07/Dec/2023:09:26:20 +0000] "GET /api/v1/applications/snapshot/6571644fc705506d4658c67b HTTP/1.1" 200 129 "http://localhost:8080/app/onus/add-study-break-copy-65718fbc0915fa77d3fee677/edit?branch=inas_branch" "Mozilla/5.0 (Macintosh; Intel Mac OS X 10_15_7) AppleWebKit/537.36 (KHTML, like Gecko) Chrome/119.0.0.0 Safari/537.36"
192.168.65.1 - - [07/Dec/2023:09:26:24 +0000] "PUT /api/v1/actions/65718fbc0915fa77d3fee679 HTTP/1.1" 200 732 "http://localhost:8080/app/onus/add-study-break-copy-65718fbc0915fa77d3fee677/edit/api/65718fbc0915fa77d3fee679?branch=inas_branch" "Mozilla/5.0 (Macintosh; Intel Mac OS X 10_15_7) AppleWebKit/537.36 (KHTML, like Gecko) Chrome/119.0.0.0 Safari/537.36"
127.0.0.1 - - [07/Dec/2023:09:26:24 +0000] "GET / HTTP/1.1" 200 6933 "-" "curl/7.68.0"
192.168.65.1 - - [07/Dec/2023:09:26:30 +0000] "GET /api/v1/pages/6571894c0915fa77d3fee66e HTTP/1.1" 200 1090 "http://localhost:8080/app/onus/all-meetings-6571894c0915fa77d3fee66e/edit?branch=inas_branch" "Mozilla/5.0 (Macintosh; Intel Mac OS X 10_15_7) AppleWebKit/537.36 (KHTML, like Gecko) Chrome/119.0.0.0 Safari/537.36"
192.168.65.1 - - [07/Dec/2023:09:26:30 +0000] "GET /api/v1/applications/snapshot/6571644fc705506d4658c67b HTTP/1.1" 200 129 "http://localhost:8080/app/onus/all-meetings-6571894c0915fa77d3fee66e/edit?branch=inas_branch" "Mozilla/5.0 (Macintosh; Intel Mac OS X 10_15_7) AppleWebKit/537.36 (KHTML, like Gecko) Chrome/119.0.0.0 Safari/537.36"
192.168.65.1 - - [07/Dec/2023:09:26:33 +0000] "GET /api/v1/pages/65718fbc0915fa77d3fee677 HTTP/1.1" 200 2027 "http://localhost:8080/app/onus/add-study-break-copy-65718fbc0915fa77d3fee677/edit?branch=inas_branch" "Mozilla/5.0 (Macintosh; Intel Mac OS X 10_15_7) AppleWebKit/537.36 (KHTML, like Gecko) Chrome/119.0.0.0 Safari/537.36"
192.168.65.1 - - [07/Dec/2023:09:26:33 +0000] "GET /api/v1/applications/snapshot/6571644fc705506d4658c67b HTTP/1.1" 200 129 "http://localhost:8080/app/onus/add-study-break-copy-65718fbc0915fa77d3fee677/edit/api/65718fbc0915fa77d3fee679?branch=inas_branch" "Mozilla/5.0 (Macintosh; Intel Mac OS X 10_15_7) AppleWebKit/537.36 (KHTML, like Gecko) Chrome/119.0.0.0 Safari/537.36"
192.168.65.1 - - [07/Dec/2023:09:26:33 +0000] "PUT /api/v1/actions/65718fbc0915fa77d3fee679 HTTP/1.1" 200 732 "http://localhost:8080/app/onus/add-study-break-copy-65718fbc0915fa77d3fee677/edit/api/65718fbc0915fa77d3fee679?branch=inas_branch" "Mozilla/5.0 (Macintosh; Intel Mac OS X 10_15_7) AppleWebKit/537.36 (KHTML, like Gecko) Chrome/119.0.0.0 Safari/537.36"
192.168.65.1 - - [07/Dec/2023:09:26:37 +0000] "GET /api/v1/pages/6571894c0915fa77d3fee66e HTTP/1.1" 200 1090 "http://localhost:8080/app/onus/all-meetings-6571894c0915fa77d3fee66e/edit?branch=inas_branch" "Mozilla/5.0 (Macintosh; Intel Mac OS X 10_15_7) AppleWebKit/537.36 (KHTML, like Gecko) Chrome/119.0.0.0 Safari/537.36"
192.168.65.1 - - [07/Dec/2023:09:26:37 +0000] "GET /api/v1/applications/snapshot/6571644fc705506d4658c67b HTTP/1.1" 200 129 "http://localhost:8080/app/onus/all-meetings-6571894c0915fa77d3fee66e/edit?branch=inas_branch" "Mozilla/5.0 (Macintosh; Intel Mac OS X 10_15_7) AppleWebKit/537.36 (KHTML, like Gecko) Chrome/119.0.0.0 Safari/537.36"
192.168.65.1 - - [07/Dec/2023:09:26:39 +0000] "GET /api/v1/pages/6571860e0915fa77d3fee664 HTTP/1.1" 200 2254 "http://localhost:8080/app/onus/employee-6571860e0915fa77d3fee664/edit?branch=inas_branch" "Mozilla/5.0 (Macintosh; Intel Mac OS X 10_15_7) AppleWebKit/537.36 (KHTML, like Gecko) Chrome/119.0.0.0 Safari/537.36"
192.168.65.1 - - [07/Dec/2023:09:26:39 +0000] "GET /api/v1/applications/snapshot/6571644fc705506d4658c67b HTTP/1.1" 200 129 "http://localhost:8080/app/onus/employee-6571860e0915fa77d3fee664/edit?branch=inas_branch" "Mozilla/5.0 (Macintosh; Intel Mac OS X 10_15_7) AppleWebKit/537.36 (KHTML, like Gecko) Chrome/119.0.0.0 Safari/537.36"
127.0.0.1 - - [07/Dec/2023:09:26:39 +0000] "GET / HTTP/1.1" 200 6933 "-" "curl/7.68.0"
192.168.65.1 - - [07/Dec/2023:09:26:53 +0000] "GET /api/v1/pages/65718fbc0915fa77d3fee677 HTTP/1.1" 200 2028 "http://localhost:8080/app/onus/add-study-break-copy-65718fbc0915fa77d3fee677/edit?branch=inas_branch" "Mozilla/5.0 (Macintosh; Intel Mac OS X 10_15_7) AppleWebKit/537.36 (KHTML, like Gecko) Chrome/119.0.0.0 Safari/537.36"
192.168.65.1 - - [07/Dec/2023:09:26:53 +0000] "GET /api/v1/applications/snapshot/6571644fc705506d4658c67b HTTP/1.1" 200 129 "http://localhost:8080/app/onus/add-study-break-copy-65718fbc0915fa77d3fee677/edit/api/65718fbc0915fa77d3fee679?branch=inas_branch" "Mozilla/5.0 (Macintosh; Intel Mac OS X 10_15_7) AppleWebKit/537.36 (KHTML, like Gecko) Chrome/119.0.0.0 Safari/537.36"
192.168.65.1 - - [07/Dec/2023:09:26:54 +0000] "PUT /api/v1/actions/65718fbc0915fa77d3fee679 HTTP/1.1" 200 732 "http://localhost:8080/app/onus/add-study-break-copy-65718fbc0915fa77d3fee677/edit/api/65718fbc0915fa77d3fee679?branch=inas_branch" "Mozilla/5.0 (Macintosh; Intel Mac OS X 10_15_7) AppleWebKit/537.36 (KHTML, like Gecko) Chrome/119.0.0.0 Safari/537.36"
127.0.0.1 - - [07/Dec/2023:09:26:54 +0000] "GET / HTTP/1.1" 200 6933 "-" "curl/7.68.0"
127.0.0.1 - - [07/Dec/2023:09:27:09 +0000] "GET / HTTP/1.1" 200 6933 "-" "curl/7.68.0"
127.0.0.1 - - [07/Dec/2023:09:27:25 +0000] "GET / HTTP/1.1" 200 6933 "-" "curl/7.68.0"
127.0.0.1 - - [07/Dec/2023:09:27:40 +0000] "GET / HTTP/1.1" 200 6933 "-" "curl/7.68.0"
127.0.0.1 - - [07/Dec/2023:09:27:55 +0000] "GET / HTTP/1.1" 200 6933 "-" "curl/7.68.0"
127.0.0.1 - - [07/Dec/2023:09:28:10 +0000] "GET / HTTP/1.1" 200 6933 "-" "curl/7.68.0"
127.0.0.1 - - [07/Dec/2023:09:28:25 +0000] "GET / HTTP/1.1" 200 6933 "-" "curl/7.68.0"
127.0.0.1 - - [07/Dec/2023:09:28:40 +0000] "GET / HTTP/1.1" 200 6933 "-" "curl/7.68.0"
127.0.0.1 - - [07/Dec/2023:09:28:56 +0000] "GET / HTTP/1.1" 200 6933 "-" "curl/7.68.0"
127.0.0.1 - - [07/Dec/2023:09:29:11 +0000] "GET / HTTP/1.1" 200 6933 "-" "curl/7.68.0"
127.0.0.1 - - [07/Dec/2023:09:29:26 +0000] "GET / HTTP/1.1" 200 6933 "-" "curl/7.68.0"
127.0.0.1 - - [07/Dec/2023:09:29:41 +0000] "GET / HTTP/1.1" 200 6933 "-" "curl/7.68.0"
127.0.0.1 - - [07/Dec/2023:09:29:56 +0000] "GET / HTTP/1.1" 200 6933 "-" "curl/7.68.0"
127.0.0.1 - - [07/Dec/2023:09:30:11 +0000] "GET / HTTP/1.1" 200 6933 "-" "curl/7.68.0"
127.0.0.1 - - [07/Dec/2023:09:30:27 +0000] "GET / HTTP/1.1" 200 6933 "-" "curl/7.68.0"
127.0.0.1 - - [07/Dec/2023:09:30:42 +0000] "GET / HTTP/1.1" 200 6933 "-" "curl/7.68.0"
127.0.0.1 - - [07/Dec/2023:09:30:57 +0000] "GET / HTTP/1.1" 200 6933 "-" "curl/7.68.0"
192.168.65.1 - - [07/Dec/2023:09:30:59 +0000] "PUT /api/v1/pages/65718fbc0915fa77d3fee677 HTTP/1.1" 200 1990 "http://localhost:8080/app/onus/add-study-break-copy-65718fbc0915fa77d3fee677/edit/api/65718fbc0915fa77d3fee679?branch=inas_branch" "Mozilla/5.0 (Macintosh; Intel Mac OS X 10_15_7) AppleWebKit/537.36 (KHTML, like Gecko) Chrome/119.0.0.0 Safari/537.36"
127.0.0.1 - - [07/Dec/2023:09:31:12 +0000] "GET / HTTP/1.1" 200 6933 "-" "curl/7.68.0"
192.168.65.1 - - [07/Dec/2023:09:31:17 +0000] "PUT /api/v1/actions/65718fbc0915fa77d3fee679 HTTP/1.1" 499 0 "http://localhost:8080/app/onus/add-study-break-copy-65718fbc0915fa77d3fee677/edit/api/65718fbc0915fa77d3fee679?branch=inas_branch" "Mozilla/5.0 (Macintosh; Intel Mac OS X 10_15_7) AppleWebKit/537.36 (KHTML, like Gecko) Chrome/119.0.0.0 Safari/537.36"
192.168.65.1 - - [07/Dec/2023:09:31:17 +0000] "PUT /api/v1/actions/65718fbc0915fa77d3fee679 HTTP/1.1" 200 670 "http://localhost:8080/app/onus/add-study-break-copy-65718fbc0915fa77d3fee677/edit/api/65718fbc0915fa77d3fee679?branch=inas_branch" "Mozilla/5.0 (Macintosh; Intel Mac OS X 10_15_7) AppleWebKit/537.36 (KHTML, like Gecko) Chrome/119.0.0.0 Safari/537.36"
192.168.65.1 - - [07/Dec/2023:09:31:18 +0000] "PUT /api/v1/actions/65718fbc0915fa77d3fee679 HTTP/1.1" 200 706 "http://localhost:8080/app/onus/add-study-break-copy-65718fbc0915fa77d3fee677/edit/api/65718fbc0915fa77d3fee679?branch=inas_branch" "Mozilla/5.0 (Macintosh; Intel Mac OS X 10_15_7) AppleWebKit/537.36 (KHTML, like Gecko) Chrome/119.0.0.0 Safari/537.36"
192.168.65.1 - - [07/Dec/2023:09:31:20 +0000] "PUT /api/v1/actions/65718fbc0915fa77d3fee679 HTTP/1.1" 200 705 "http://localhost:8080/app/onus/add-study-break-copy-65718fbc0915fa77d3fee677/edit/api/65718fbc0915fa77d3fee679?branch=inas_branch" "Mozilla/5.0 (Macintosh; Intel Mac OS X 10_15_7) AppleWebKit/537.36 (KHTML, like Gecko) Chrome/119.0.0.0 Safari/537.36"
127.0.0.1 - - [07/Dec/2023:09:31:27 +0000] "GET / HTTP/1.1" 200 6933 "-" "curl/7.68.0"
192.168.65.1 - - [07/Dec/2023:09:31:35 +0000] "PUT /api/v1/layouts/refactor HTTP/1.1" 200 1855 "http://localhost:8080/app/onus/add-task-65718fbc0915fa77d3fee677/edit/widgets/hut65mqevz?branch=inas_branch" "Mozilla/5.0 (Macintosh; Intel Mac OS X 10_15_7) AppleWebKit/537.36 (KHTML, like Gecko) Chrome/119.0.0.0 Safari/537.36"
192.168.65.1 - - [07/Dec/2023:09:31:35 +0000] "GET /api/v1/collections/actions?pageId=65718fbc0915fa77d3fee677 HTTP/1.1" 200 101 "http://localhost:8080/app/onus/add-task-65718fbc0915fa77d3fee677/edit/widgets/nu552wyao7?branch=inas_branch" "Mozilla/5.0 (Macintosh; Intel Mac OS X 10_15_7) AppleWebKit/537.36 (KHTML, like Gecko) Chrome/119.0.0.0 Safari/537.36"
192.168.65.1 - - [07/Dec/2023:09:31:35 +0000] "GET /api/v1/actions?pageId=65718fbc0915fa77d3fee677 HTTP/1.1" 200 695 "http://localhost:8080/app/onus/add-task-65718fbc0915fa77d3fee677/edit/widgets/nu552wyao7?branch=inas_branch" "Mozilla/5.0 (Macintosh; Intel Mac OS X 10_15_7) AppleWebKit/537.36 (KHTML, like Gecko) Chrome/119.0.0.0 Safari/537.36"
127.0.0.1 - - [07/Dec/2023:09:31:43 +0000] "GET / HTTP/1.1" 200 6933 "-" "curl/7.68.0"
192.168.65.1 - - [07/Dec/2023:09:31:50 +0000] "PUT /api/v1/layouts/refactor HTTP/1.1" 200 1862 "http://localhost:8080/app/onus/add-task-65718fbc0915fa77d3fee677/edit/widgets/nu552wyao7?branch=inas_branch" "Mozilla/5.0 (Macintosh; Intel Mac OS X 10_15_7) AppleWebKit/537.36 (KHTML, like Gecko) Chrome/119.0.0.0 Safari/537.36"
192.168.65.1 - - [07/Dec/2023:09:31:50 +0000] "GET /api/v1/collections/actions?pageId=65718fbc0915fa77d3fee677 HTTP/1.1" 200 101 "http://localhost:8080/app/onus/add-task-65718fbc0915fa77d3fee677/edit/widgets/nu552wyao7?branch=inas_branch" "Mozilla/5.0 (Macintosh; Intel Mac OS X 10_15_7) AppleWebKit/537.36 (KHTML, like Gecko) Chrome/119.0.0.0 Safari/537.36"
192.168.65.1 - - [07/Dec/2023:09:31:50 +0000] "GET /api/v1/actions?pageId=65718fbc0915fa77d3fee677 HTTP/1.1" 200 695 "http://localhost:8080/app/onus/add-task-65718fbc0915fa77d3fee677/edit/widgets/nu552wyao7?branch=inas_branch" "Mozilla/5.0 (Macintosh; Intel Mac OS X 10_15_7) AppleWebKit/537.36 (KHTML, like Gecko) Chrome/119.0.0.0 Safari/537.36"
192.168.65.1 - - [07/Dec/2023:09:31:54 +0000] "PUT /api/v1/layouts/65718fbc0915fa77d3fee675/pages/65718fbc0915fa77d3fee677?applicationId=6571644fc705506d4658c67b HTTP/1.1" 200 1863 "http://localhost:8080/app/onus/add-task-65718fbc0915fa77d3fee677/edit/widgets/nu552wyao7?branch=inas_branch" "Mozilla/5.0 (Macintosh; Intel Mac OS X 10_15_7) AppleWebKit/537.36 (KHTML, like Gecko) Chrome/119.0.0.0 Safari/537.36"
192.168.65.1 - - [07/Dec/2023:09:31:55 +0000] "PUT /api/v1/layouts/65718fbc0915fa77d3fee675/pages/65718fbc0915fa77d3fee677?applicationId=6571644fc705506d4658c67b HTTP/1.1" 200 1861 "http://localhost:8080/app/onus/add-task-65718fbc0915fa77d3fee677/edit/widgets/nu552wyao7?branch=inas_branch" "Mozilla/5.0 (Macintosh; Intel Mac OS X 10_15_7) AppleWebKit/537.36 (KHTML, like Gecko) Chrome/119.0.0.0 Safari/537.36"
127.0.0.1 - - [07/Dec/2023:09:31:58 +0000] "GET / HTTP/1.1" 200 6933 "-" "curl/7.68.0"
192.168.65.1 - - [07/Dec/2023:09:32:01 +0000] "PUT /api/v1/layouts/65718fbc0915fa77d3fee675/pages/65718fbc0915fa77d3fee677?applicationId=6571644fc705506d4658c67b HTTP/1.1" 200 1861 "http://localhost:8080/app/onus/add-task-65718fbc0915fa77d3fee677/edit/widgets/hut65mqevz?branch=inas_branch" "Mozilla/5.0 (Macintosh; Intel Mac OS X 10_15_7) AppleWebKit/537.36 (KHTML, like Gecko) Chrome/119.0.0.0 Safari/537.36"
192.168.65.1 - - [07/Dec/2023:09:32:11 +0000] "PUT /api/v1/layouts/refactor HTTP/1.1" 200 1864 "http://localhost:8080/app/onus/add-task-65718fbc0915fa77d3fee677/edit/widgets/p40sfyuiz2?branch=inas_branch" "Mozilla/5.0 (Macintosh; Intel Mac OS X 10_15_7) AppleWebKit/537.36 (KHTML, like Gecko) Chrome/119.0.0.0 Safari/537.36"
192.168.65.1 - - [07/Dec/2023:09:32:11 +0000] "GET /api/v1/collections/actions?pageId=65718fbc0915fa77d3fee677 HTTP/1.1" 200 101 "http://localhost:8080/app/onus/add-task-65718fbc0915fa77d3fee677/edit/widgets/p40sfyuiz2?branch=inas_branch" "Mozilla/5.0 (Macintosh; Intel Mac OS X 10_15_7) AppleWebKit/537.36 (KHTML, like Gecko) Chrome/119.0.0.0 Safari/537.36"
192.168.65.1 - - [07/Dec/2023:09:32:11 +0000] "GET /api/v1/actions?pageId=65718fbc0915fa77d3fee677 HTTP/1.1" 200 695 "http://localhost:8080/app/onus/add-task-65718fbc0915fa77d3fee677/edit/widgets/p40sfyuiz2?branch=inas_branch" "Mozilla/5.0 (Macintosh; Intel Mac OS X 10_15_7) AppleWebKit/537.36 (KHTML, like Gecko) Chrome/119.0.0.0 Safari/537.36"
127.0.0.1 - - [07/Dec/2023:09:32:13 +0000] "GET / HTTP/1.1" 200 6933 "-" "curl/7.68.0"
192.168.65.1 - - [07/Dec/2023:09:32:14 +0000] "PUT /api/v1/layouts/65718fbc0915fa77d3fee675/pages/65718fbc0915fa77d3fee677?applicationId=6571644fc705506d4658c67b HTTP/1.1" 200 1849 "http://localhost:8080/app/onus/add-task-65718fbc0915fa77d3fee677/edit/widgets/p40sfyuiz2?branch=inas_branch" "Mozilla/5.0 (Macintosh; Intel Mac OS X 10_15_7) AppleWebKit/537.36 (KHTML, like Gecko) Chrome/119.0.0.0 Safari/537.36"
192.168.65.1 - - [07/Dec/2023:09:32:17 +0000] "PUT /api/v1/layouts/65718fbc0915fa77d3fee675/pages/65718fbc0915fa77d3fee677?applicationId=6571644fc705506d4658c67b HTTP/1.1" 200 1854 "http://localhost:8080/app/onus/add-task-65718fbc0915fa77d3fee677/edit/widgets/p40sfyuiz2?branch=inas_branch" "Mozilla/5.0 (Macintosh; Intel Mac OS X 10_15_7) AppleWebKit/537.36 (KHTML, like Gecko) Chrome/119.0.0.0 Safari/537.36"
192.168.65.1 - - [07/Dec/2023:09:32:17 +0000] "PUT /api/v1/layouts/65718fbc0915fa77d3fee675/pages/65718fbc0915fa77d3fee677?applicationId=6571644fc705506d4658c67b HTTP/1.1" 200 1857 "http://localhost:8080/app/onus/add-task-65718fbc0915fa77d3fee677/edit/widgets/p40sfyuiz2?branch=inas_branch" "Mozilla/5.0 (Macintosh; Intel Mac OS X 10_15_7) AppleWebKit/537.36 (KHTML, like Gecko) Chrome/119.0.0.0 Safari/537.36"
127.0.0.1 - - [07/Dec/2023:09:32:28 +0000] "GET / HTTP/1.1" 200 6933 "-" "curl/7.68.0"
192.168.65.1 - - [07/Dec/2023:09:32:34 +0000] "PUT /api/v1/layouts/65718fbc0915fa77d3fee675/pages/65718fbc0915fa77d3fee677?applicationId=6571644fc705506d4658c67b HTTP/1.1" 200 1860 "http://localhost:8080/app/onus/add-task-65718fbc0915fa77d3fee677/edit/widgets/p40sfyuiz2?branch=inas_branch" "Mozilla/5.0 (Macintosh; Intel Mac OS X 10_15_7) AppleWebKit/537.36 (KHTML, like Gecko) Chrome/119.0.0.0 Safari/537.36"
192.168.65.1 - - [07/Dec/2023:09:32:35 +0000] "PUT /api/v1/layouts/65718fbc0915fa77d3fee675/pages/65718fbc0915fa77d3fee677?applicationId=6571644fc705506d4658c67b HTTP/1.1" 200 1861 "http://localhost:8080/app/onus/add-task-65718fbc0915fa77d3fee677/edit/widgets/p40sfyuiz2?branch=inas_branch" "Mozilla/5.0 (Macintosh; Intel Mac OS X 10_15_7) AppleWebKit/537.36 (KHTML, like Gecko) Chrome/119.0.0.0 Safari/537.36"
192.168.65.1 - - [07/Dec/2023:09:32:36 +0000] "PUT /api/v1/layouts/65718fbc0915fa77d3fee675/pages/65718fbc0915fa77d3fee677?applicationId=6571644fc705506d4658c67b HTTP/1.1" 200 1860 "http://localhost:8080/app/onus/add-task-65718fbc0915fa77d3fee677/edit/widgets/p40sfyuiz2?branch=inas_branch" "Mozilla/5.0 (Macintosh; Intel Mac OS X 10_15_7) AppleWebKit/537.36 (KHTML, like Gecko) Chrome/119.0.0.0 Safari/537.36"
192.168.65.1 - - [07/Dec/2023:09:32:38 +0000] "PUT /api/v1/layouts/65718fbc0915fa77d3fee675/pages/65718fbc0915fa77d3fee677?applicationId=6571644fc705506d4658c67b HTTP/1.1" 200 1866 "http://localhost:8080/app/onus/add-task-65718fbc0915fa77d3fee677/edit/widgets/p40sfyuiz2?branch=inas_branch" "Mozilla/5.0 (Macintosh; Intel Mac OS X 10_15_7) AppleWebKit/537.36 (KHTML, like Gecko) Chrome/119.0.0.0 Safari/537.36"
192.168.65.1 - - [07/Dec/2023:09:32:42 +0000] "PUT /api/v1/layouts/65718fbc0915fa77d3fee675/pages/65718fbc0915fa77d3fee677?applicationId=6571644fc705506d4658c67b HTTP/1.1" 200 1941 "http://localhost:8080/app/onus/add-task-65718fbc0915fa77d3fee677/edit/widgets/rfw9vq3aze?branch=inas_branch" "Mozilla/5.0 (Macintosh; Intel Mac OS X 10_15_7) AppleWebKit/537.36 (KHTML, like Gecko) Chrome/119.0.0.0 Safari/537.36"
127.0.0.1 - - [07/Dec/2023:09:32:43 +0000] "GET / HTTP/1.1" 200 6933 "-" "curl/7.68.0"
192.168.65.1 - - [07/Dec/2023:09:32:44 +0000] "PUT /api/v1/layouts/65718fbc0915fa77d3fee675/pages/65718fbc0915fa77d3fee677?applicationId=6571644fc705506d4658c67b HTTP/1.1" 200 1916 "http://localhost:8080/app/onus/add-task-65718fbc0915fa77d3fee677/edit/widgets/rfw9vq3aze?branch=inas_branch" "Mozilla/5.0 (Macintosh; Intel Mac OS X 10_15_7) AppleWebKit/537.36 (KHTML, like Gecko) Chrome/119.0.0.0 Safari/537.36"
127.0.0.1 - - [07/Dec/2023:09:32:58 +0000] "GET / HTTP/1.1" 200 6933 "-" "curl/7.68.0"
192.168.65.1 - - [07/Dec/2023:09:33:02 +0000] "PUT /api/v1/layouts/refactor HTTP/1.1" 200 1920 "http://localhost:8080/app/onus/add-task-65718fbc0915fa77d3fee677/edit/widgets/f4dlry8vqr?branch=inas_branch" "Mozilla/5.0 (Macintosh; Intel Mac OS X 10_15_7) AppleWebKit/537.36 (KHTML, like Gecko) Chrome/119.0.0.0 Safari/537.36"
192.168.65.1 - - [07/Dec/2023:09:33:02 +0000] "GET /api/v1/collections/actions?pageId=65718fbc0915fa77d3fee677 HTTP/1.1" 200 101 "http://localhost:8080/app/onus/add-task-65718fbc0915fa77d3fee677/edit/widgets/f4dlry8vqr?branch=inas_branch" "Mozilla/5.0 (Macintosh; Intel Mac OS X 10_15_7) AppleWebKit/537.36 (KHTML, like Gecko) Chrome/119.0.0.0 Safari/537.36"
192.168.65.1 - - [07/Dec/2023:09:33:02 +0000] "GET /api/v1/actions?pageId=65718fbc0915fa77d3fee677 HTTP/1.1" 200 695 "http://localhost:8080/app/onus/add-task-65718fbc0915fa77d3fee677/edit/widgets/f4dlry8vqr?branch=inas_branch" "Mozilla/5.0 (Macintosh; Intel Mac OS X 10_15_7) AppleWebKit/537.36 (KHTML, like Gecko) Chrome/119.0.0.0 Safari/537.36"
192.168.65.1 - - [07/Dec/2023:09:33:05 +0000] "PUT /api/v1/layouts/65718fbc0915fa77d3fee675/pages/65718fbc0915fa77d3fee677?applicationId=6571644fc705506d4658c67b HTTP/1.1" 200 1932 "http://localhost:8080/app/onus/add-task-65718fbc0915fa77d3fee677/edit?branch=inas_branch" "Mozilla/5.0 (Macintosh; Intel Mac OS X 10_15_7) AppleWebKit/537.36 (KHTML, like Gecko) Chrome/119.0.0.0 Safari/537.36"
127.0.0.1 - - [07/Dec/2023:09:33:14 +0000] "GET / HTTP/1.1" 200 6933 "-" "curl/7.68.0"
192.168.65.1 - - [07/Dec/2023:09:33:28 +0000] "PUT /api/v1/layouts/refactor HTTP/1.1" 200 1929 "http://localhost:8080/app/onus/add-task-65718fbc0915fa77d3fee677/edit/widgets/rfw9vq3aze?branch=inas_branch" "Mozilla/5.0 (Macintosh; Intel Mac OS X 10_15_7) AppleWebKit/537.36 (KHTML, like Gecko) Chrome/119.0.0.0 Safari/537.36"
192.168.65.1 - - [07/Dec/2023:09:33:28 +0000] "GET /api/v1/collections/actions?pageId=65718fbc0915fa77d3fee677 HTTP/1.1" 200 101 "http://localhost:8080/app/onus/add-task-65718fbc0915fa77d3fee677/edit/widgets/rfw9vq3aze?branch=inas_branch" "Mozilla/5.0 (Macintosh; Intel Mac OS X 10_15_7) AppleWebKit/537.36 (KHTML, like Gecko) Chrome/119.0.0.0 Safari/537.36"
192.168.65.1 - - [07/Dec/2023:09:33:28 +0000] "GET /api/v1/actions?pageId=65718fbc0915fa77d3fee677 HTTP/1.1" 200 695 "http://localhost:8080/app/onus/add-task-65718fbc0915fa77d3fee677/edit/widgets/rfw9vq3aze?branch=inas_branch" "Mozilla/5.0 (Macintosh; Intel Mac OS X 10_15_7) AppleWebKit/537.36 (KHTML, like Gecko) Chrome/119.0.0.0 Safari/537.36"
127.0.0.1 - - [07/Dec/2023:09:33:29 +0000] "GET / HTTP/1.1" 200 6933 "-" "curl/7.68.0"
192.168.65.1 - - [07/Dec/2023:09:33:34 +0000] "PUT /api/v1/layouts/65718fbc0915fa77d3fee675/pages/65718fbc0915fa77d3fee677?applicationId=6571644fc705506d4658c67b HTTP/1.1" 200 1924 "http://localhost:8080/app/onus/add-task-65718fbc0915fa77d3fee677/edit/widgets/rfw9vq3aze?branch=inas_branch" "Mozilla/5.0 (Macintosh; Intel Mac OS X 10_15_7) AppleWebKit/537.36 (KHTML, like Gecko) Chrome/119.0.0.0 Safari/537.36"
192.168.65.1 - - [07/Dec/2023:09:33:34 +0000] "PUT /api/v1/layouts/65718fbc0915fa77d3fee675/pages/65718fbc0915fa77d3fee677?applicationId=6571644fc705506d4658c67b HTTP/1.1" 200 1924 "http://localhost:8080/app/onus/add-task-65718fbc0915fa77d3fee677/edit/widgets/rfw9vq3aze?branch=inas_branch" "Mozilla/5.0 (Macintosh; Intel Mac OS X 10_15_7) AppleWebKit/537.36 (KHTML, like Gecko) Chrome/119.0.0.0 Safari/537.36"
192.168.65.1 - - [07/Dec/2023:09:33:36 +0000] "PUT /api/v1/layouts/65718fbc0915fa77d3fee675/pages/65718fbc0915fa77d3fee677?applicationId=6571644fc705506d4658c67b HTTP/1.1" 200 1926 "http://localhost:8080/app/onus/add-task-65718fbc0915fa77d3fee677/edit/widgets/rfw9vq3aze?branch=inas_branch" "Mozilla/5.0 (Macintosh; Intel Mac OS X 10_15_7) AppleWebKit/537.36 (KHTML, like Gecko) Chrome/119.0.0.0 Safari/537.36"
192.168.65.1 - - [07/Dec/2023:09:33:41 +0000] "PUT /api/v1/layouts/65718fbc0915fa77d3fee675/pages/65718fbc0915fa77d3fee677?applicationId=6571644fc705506d4658c67b HTTP/1.1" 200 1925 "http://localhost:8080/app/onus/add-task-65718fbc0915fa77d3fee677/edit/widgets/f4dlry8vqr?branch=inas_branch" "Mozilla/5.0 (Macintosh; Intel Mac OS X 10_15_7) AppleWebKit/537.36 (KHTML, like Gecko) Chrome/119.0.0.0 Safari/537.36"
192.168.65.1 - - [07/Dec/2023:09:33:41 +0000] "PUT /api/v1/layouts/65718fbc0915fa77d3fee675/pages/65718fbc0915fa77d3fee677?applicationId=6571644fc705506d4658c67b HTTP/1.1" 200 1928 "http://localhost:8080/app/onus/add-task-65718fbc0915fa77d3fee677/edit/widgets/f4dlry8vqr?branch=inas_branch" "Mozilla/5.0 (Macintosh; Intel Mac OS X 10_15_7) AppleWebKit/537.36 (KHTML, like Gecko) Chrome/119.0.0.0 Safari/537.36"
192.168.65.1 - - [07/Dec/2023:09:33:43 +0000] "PUT /api/v1/layouts/65718fbc0915fa77d3fee675/pages/65718fbc0915fa77d3fee677?applicationId=6571644fc705506d4658c67b HTTP/1.1" 200 1934 "http://localhost:8080/app/onus/add-task-65718fbc0915fa77d3fee677/edit/widgets/f4dlry8vqr?branch=inas_branch" "Mozilla/5.0 (Macintosh; Intel Mac OS X 10_15_7) AppleWebKit/537.36 (KHTML, like Gecko) Chrome/119.0.0.0 Safari/537.36"
127.0.0.1 - - [07/Dec/2023:09:33:44 +0000] "GET / HTTP/1.1" 200 6933 "-" "curl/7.68.0"
192.168.65.1 - - [07/Dec/2023:09:33:47 +0000] "PUT /api/v1/layouts/65718fbc0915fa77d3fee675/pages/65718fbc0915fa77d3fee677?applicationId=6571644fc705506d4658c67b HTTP/1.1" 200 1940 "http://localhost:8080/app/onus/add-task-65718fbc0915fa77d3fee677/edit/widgets/rfw9vq3aze?branch=inas_branch" "Mozilla/5.0 (Macintosh; Intel Mac OS X 10_15_7) AppleWebKit/537.36 (KHTML, like Gecko) Chrome/119.0.0.0 Safari/537.36"
192.168.65.1 - - [07/Dec/2023:09:33:49 +0000] "PUT /api/v1/actions/65718fbc0915fa77d3fee679 HTTP/1.1" 200 705 "http://localhost:8080/app/onus/add-task-65718fbc0915fa77d3fee677/edit/api/65718fbc0915fa77d3fee679?branch=inas_branch" "Mozilla/5.0 (Macintosh; Intel Mac OS X 10_15_7) AppleWebKit/537.36 (KHTML, like Gecko) Chrome/119.0.0.0 Safari/537.36"
192.168.65.1 - - [07/Dec/2023:09:33:55 +0000] "PUT /api/v1/actions/65718fbc0915fa77d3fee679 HTTP/1.1" 200 700 "http://localhost:8080/app/onus/add-task-65718fbc0915fa77d3fee677/edit/api/65718fbc0915fa77d3fee679?branch=inas_branch" "Mozilla/5.0 (Macintosh; Intel Mac OS X 10_15_7) AppleWebKit/537.36 (KHTML, like Gecko) Chrome/119.0.0.0 Safari/537.36"
192.168.65.1 - - [07/Dec/2023:09:33:56 +0000] "PUT /api/v1/actions/65718fbc0915fa77d3fee679 HTTP/1.1" 200 701 "http://localhost:8080/app/onus/add-task-65718fbc0915fa77d3fee677/edit/api/65718fbc0915fa77d3fee679?branch=inas_branch" "Mozilla/5.0 (Macintosh; Intel Mac OS X 10_15_7) AppleWebKit/537.36 (KHTML, like Gecko) Chrome/119.0.0.0 Safari/537.36"
192.168.65.1 - - [07/Dec/2023:09:33:57 +0000] "PUT /api/v1/actions/65718fbc0915fa77d3fee679 HTTP/1.1" 499 0 "http://localhost:8080/app/onus/add-task-65718fbc0915fa77d3fee677/edit/api/65718fbc0915fa77d3fee679?branch=inas_branch" "Mozilla/5.0 (Macintosh; Intel Mac OS X 10_15_7) AppleWebKit/537.36 (KHTML, like Gecko) Chrome/119.0.0.0 Safari/537.36"
192.168.65.1 - - [07/Dec/2023:09:33:58 +0000] "PUT /api/v1/actions/65718fbc0915fa77d3fee679 HTTP/1.1" 200 711 "http://localhost:8080/app/onus/add-task-65718fbc0915fa77d3fee677/edit/api/65718fbc0915fa77d3fee679?branch=inas_branch" "Mozilla/5.0 (Macintosh; Intel Mac OS X 10_15_7) AppleWebKit/537.36 (KHTML, like Gecko) Chrome/119.0.0.0 Safari/537.36"
127.0.0.1 - - [07/Dec/2023:09:33:59 +0000] "GET / HTTP/1.1" 200 6933 "-" "curl/7.68.0"
