192.168.65.1 - - [07/Dec/2023:07:17:32 +0000] "PUT /api/v1/layouts/6571716dfe194669cf562774/pages/6571716dfe194669cf562776?applicationId=6571644fc705506d4658c67b HTTP/1.1" 200 1913 "http://localhost:8080/app/untitled-application-1/page1-6571716dfe194669cf562776/edit/widgets/xzserb3nzr" "Mozilla/5.0 (Macintosh; Intel Mac OS X 10_15_7) AppleWebKit/537.36 (KHTML, like Gecko) Chrome/119.0.0.0 Safari/537.36"
192.168.65.1 - - [07/Dec/2023:07:17:35 +0000] "PUT /api/v1/layouts/6571716dfe194669cf562774/pages/6571716dfe194669cf562776?applicationId=6571644fc705506d4658c67b HTTP/1.1" 200 1913 "http://localhost:8080/app/untitled-application-1/page1-6571716dfe194669cf562776/edit/widgets/xzserb3nzr" "Mozilla/5.0 (Macintosh; Intel Mac OS X 10_15_7) AppleWebKit/537.36 (KHTML, like Gecko) Chrome/119.0.0.0 Safari/537.36"
127.0.0.1 - - [07/Dec/2023:07:17:37 +0000] "GET / HTTP/1.1" 200 6933 "-" "curl/7.68.0"
192.168.65.1 - - [07/Dec/2023:07:17:45 +0000] "PUT /api/v1/pages/6571716dfe194669cf562776 HTTP/1.1" 200 2012 "http://localhost:8080/app/untitled-application-1/page1-6571716dfe194669cf562776/edit/widgets/xzserb3nzr" "Mozilla/5.0 (Macintosh; Intel Mac OS X 10_15_7) AppleWebKit/537.36 (KHTML, like Gecko) Chrome/119.0.0.0 Safari/537.36"
192.168.65.1 - - [07/Dec/2023:07:17:46 +0000] "GET /api/v1/pages/6571652cc705506d4658c687 HTTP/1.1" 200 1090 "http://localhost:8080/app/untitled-application-1/professor-6571652cc705506d4658c687/edit" "Mozilla/5.0 (Macintosh; Intel Mac OS X 10_15_7) AppleWebKit/537.36 (KHTML, like Gecko) Chrome/119.0.0.0 Safari/537.36"
192.168.65.1 - - [07/Dec/2023:07:17:46 +0000] "GET /api/v1/applications/snapshot/6571644fc705506d4658c67b HTTP/1.1" 200 129 "http://localhost:8080/app/untitled-application-1/professor-6571652cc705506d4658c687/edit" "Mozilla/5.0 (Macintosh; Intel Mac OS X 10_15_7) AppleWebKit/537.36 (KHTML, like Gecko) Chrome/119.0.0.0 Safari/537.36"
192.168.65.1 - - [07/Dec/2023:07:17:50 +0000] "PUT /api/v1/layouts/6571652cc705506d4658c685/pages/6571652cc705506d4658c687?applicationId=6571644fc705506d4658c67b HTTP/1.1" 200 975 "http://localhost:8080/app/untitled-application-1/professor-6571652cc705506d4658c687/edit/widgets/3ztkyyov6q" "Mozilla/5.0 (Macintosh; Intel Mac OS X 10_15_7) AppleWebKit/537.36 (KHTML, like Gecko) Chrome/119.0.0.0 Safari/537.36"
127.0.0.1 - - [07/Dec/2023:07:17:52 +0000] "GET / HTTP/1.1" 200 6933 "-" "curl/7.68.0"
192.168.65.1 - - [07/Dec/2023:07:18:05 +0000] "PUT /api/v1/layouts/6571652cc705506d4658c685/pages/6571652cc705506d4658c687?applicationId=6571644fc705506d4658c67b HTTP/1.1" 200 394 "http://localhost:8080/app/untitled-application-1/professor-6571652cc705506d4658c687/edit" "Mozilla/5.0 (Macintosh; Intel Mac OS X 10_15_7) AppleWebKit/537.36 (KHTML, like Gecko) Chrome/119.0.0.0 Safari/537.36"
192.168.65.1 - - [07/Dec/2023:07:18:06 +0000] "PUT /api/v1/actions/65716549c705506d4658c689 HTTP/1.1" 200 668 "http://localhost:8080/app/untitled-application-1/professor-6571652cc705506d4658c687/edit/api/65716549c705506d4658c689" "Mozilla/5.0 (Macintosh; Intel Mac OS X 10_15_7) AppleWebKit/537.36 (KHTML, like Gecko) Chrome/119.0.0.0 Safari/537.36"
127.0.0.1 - - [07/Dec/2023:07:18:07 +0000] "GET / HTTP/1.1" 200 6933 "-" "curl/7.68.0"
192.168.65.1 - - [07/Dec/2023:07:18:10 +0000] "DELETE /api/v1/actions/65716549c705506d4658c689 HTTP/1.1" 200 653 "http://localhost:8080/app/untitled-application-1/professor-6571652cc705506d4658c687/edit/api/65716549c705506d4658c689" "Mozilla/5.0 (Macintosh; Intel Mac OS X 10_15_7) AppleWebKit/537.36 (KHTML, like Gecko) Chrome/119.0.0.0 Safari/537.36"
192.168.65.1 - - [07/Dec/2023:07:18:12 +0000] "PUT /api/v1/actions/65717152fe194669cf562773 HTTP/1.1" 200 647 "http://localhost:8080/app/untitled-application-1/professor-6571652cc705506d4658c687/edit/api/65717152fe194669cf562773" "Mozilla/5.0 (Macintosh; Intel Mac OS X 10_15_7) AppleWebKit/537.36 (KHTML, like Gecko) Chrome/119.0.0.0 Safari/537.36"
192.168.65.1 - - [07/Dec/2023:07:18:19 +0000] "DELETE /api/v1/actions/65717152fe194669cf562773 HTTP/1.1" 200 632 "http://localhost:8080/app/untitled-application-1/professor-6571652cc705506d4658c687/edit/api/65717152fe194669cf562773" "Mozilla/5.0 (Macintosh; Intel Mac OS X 10_15_7) AppleWebKit/537.36 (KHTML, like Gecko) Chrome/119.0.0.0 Safari/537.36"
127.0.0.1 - - [07/Dec/2023:07:18:23 +0000] "GET / HTTP/1.1" 200 6933 "-" "curl/7.68.0"
192.168.65.1 - - [07/Dec/2023:07:18:26 +0000] "PUT /api/v1/layouts/6571652cc705506d4658c685/pages/6571652cc705506d4658c687?applicationId=6571644fc705506d4658c67b HTTP/1.1" 200 855 "http://localhost:8080/app/untitled-application-1/professor-6571652cc705506d4658c687/edit/widgets/6w0ortobtk" "Mozilla/5.0 (Macintosh; Intel Mac OS X 10_15_7) AppleWebKit/537.36 (KHTML, like Gecko) Chrome/119.0.0.0 Safari/537.36"
192.168.65.1 - - [07/Dec/2023:07:18:35 +0000] "PUT /api/v1/layouts/6571652cc705506d4658c685/pages/6571652cc705506d4658c687?applicationId=6571644fc705506d4658c67b HTTP/1.1" 200 877 "http://localhost:8080/app/untitled-application-1/professor-6571652cc705506d4658c687/edit/widgets/6w0ortobtk" "Mozilla/5.0 (Macintosh; Intel Mac OS X 10_15_7) AppleWebKit/537.36 (KHTML, like Gecko) Chrome/119.0.0.0 Safari/537.36"
127.0.0.1 - - [07/Dec/2023:07:18:38 +0000] "GET / HTTP/1.1" 200 6933 "-" "curl/7.68.0"
192.168.65.1 - - [07/Dec/2023:07:18:52 +0000] "PUT /api/v1/layouts/6571652cc705506d4658c685/pages/6571652cc705506d4658c687?applicationId=6571644fc705506d4658c67b HTTP/1.1" 200 927 "http://localhost:8080/app/untitled-application-1/professor-6571652cc705506d4658c687/edit/widgets/6w0ortobtk" "Mozilla/5.0 (Macintosh; Intel Mac OS X 10_15_7) AppleWebKit/537.36 (KHTML, like Gecko) Chrome/119.0.0.0 Safari/537.36"
127.0.0.1 - - [07/Dec/2023:07:18:53 +0000] "GET / HTTP/1.1" 200 6933 "-" "curl/7.68.0"
192.168.65.1 - - [07/Dec/2023:07:18:55 +0000] "PUT /api/v1/layouts/6571652cc705506d4658c685/pages/6571652cc705506d4658c687?applicationId=6571644fc705506d4658c67b HTTP/1.1" 200 929 "http://localhost:8080/app/untitled-application-1/professor-6571652cc705506d4658c687/edit/widgets/6w0ortobtk" "Mozilla/5.0 (Macintosh; Intel Mac OS X 10_15_7) AppleWebKit/537.36 (KHTML, like Gecko) Chrome/119.0.0.0 Safari/537.36"
192.168.65.1 - - [07/Dec/2023:07:19:01 +0000] "PUT /api/v1/layouts/6571652cc705506d4658c685/pages/6571652cc705506d4658c687?applicationId=6571644fc705506d4658c67b HTTP/1.1" 200 937 "http://localhost:8080/app/untitled-application-1/professor-6571652cc705506d4658c687/edit/widgets/6w0ortobtk" "Mozilla/5.0 (Macintosh; Intel Mac OS X 10_15_7) AppleWebKit/537.36 (KHTML, like Gecko) Chrome/119.0.0.0 Safari/537.36"
127.0.0.1 - - [07/Dec/2023:07:19:08 +0000] "GET / HTTP/1.1" 200 6933 "-" "curl/7.68.0"
127.0.0.1 - - [07/Dec/2023:07:19:23 +0000] "GET / HTTP/1.1" 200 6933 "-" "curl/7.68.0"
127.0.0.1 - - [07/Dec/2023:07:19:38 +0000] "GET / HTTP/1.1" 200 6933 "-" "curl/7.68.0"
127.0.0.1 - - [07/Dec/2023:07:19:53 +0000] "GET / HTTP/1.1" 200 6933 "-" "curl/7.68.0"
127.0.0.1 - - [07/Dec/2023:07:20:09 +0000] "GET / HTTP/1.1" 200 6933 "-" "curl/7.68.0"
127.0.0.1 - - [07/Dec/2023:07:20:24 +0000] "GET / HTTP/1.1" 200 6933 "-" "curl/7.68.0"
127.0.0.1 - - [07/Dec/2023:07:20:39 +0000] "GET / HTTP/1.1" 200 6933 "-" "curl/7.68.0"
127.0.0.1 - - [07/Dec/2023:07:20:54 +0000] "GET / HTTP/1.1" 200 6933 "-" "curl/7.68.0"
127.0.0.1 - - [07/Dec/2023:07:21:09 +0000] "GET / HTTP/1.1" 200 6933 "-" "curl/7.68.0"
127.0.0.1 - - [07/Dec/2023:07:21:24 +0000] "GET / HTTP/1.1" 200 6933 "-" "curl/7.68.0"
127.0.0.1 - - [07/Dec/2023:07:21:40 +0000] "GET / HTTP/1.1" 200 6933 "-" "curl/7.68.0"
127.0.0.1 - - [07/Dec/2023:07:21:55 +0000] "GET / HTTP/1.1" 200 6933 "-" "curl/7.68.0"
127.0.0.1 - - [07/Dec/2023:07:22:10 +0000] "GET / HTTP/1.1" 200 6933 "-" "curl/7.68.0"
127.0.0.1 - - [07/Dec/2023:07:22:25 +0000] "GET / HTTP/1.1" 200 6933 "-" "curl/7.68.0"
127.0.0.1 - - [07/Dec/2023:07:22:40 +0000] "GET / HTTP/1.1" 200 6933 "-" "curl/7.68.0"
127.0.0.1 - - [07/Dec/2023:07:22:55 +0000] "GET / HTTP/1.1" 200 6933 "-" "curl/7.68.0"
127.0.0.1 - - [07/Dec/2023:07:23:11 +0000] "GET / HTTP/1.1" 200 6933 "-" "curl/7.68.0"
192.168.65.1 - - [07/Dec/2023:07:23:11 +0000] "POST /api/v1/usage-pulse HTTP/1.1" 201 76 "http://localhost:8080/app/onus/page1-65710f821b750f6b882490bc/edit/api/65710fb31b750f6b882490bf?branch=onus" "Mozilla/5.0 (Macintosh; Intel Mac OS X 10_15_7) AppleWebKit/537.36 (KHTML, like Gecko) Chrome/119.0.0.0 Safari/537.36"
192.168.65.1 - - [07/Dec/2023:07:23:21 +0000] "POST /api/v1/usage-pulse HTTP/1.1" 201 76 "http://localhost:8080/app/untitled-application-1/professor-6571652cc705506d4658c687/edit/widgets/6w0ortobtk" "Mozilla/5.0 (Macintosh; Intel Mac OS X 10_15_7) AppleWebKit/537.36 (KHTML, like Gecko) Chrome/119.0.0.0 Safari/537.36"
192.168.65.1 - - [07/Dec/2023:07:23:22 +0000] "GET /api/v1/pages/65716c1ffe194669cf56276c HTTP/1.1" 200 1575 "http://localhost:8080/app/untitled-application-1/home-page-65716c1ffe194669cf56276c/edit" "Mozilla/5.0 (Macintosh; Intel Mac OS X 10_15_7) AppleWebKit/537.36 (KHTML, like Gecko) Chrome/119.0.0.0 Safari/537.36"
192.168.65.1 - - [07/Dec/2023:07:23:22 +0000] "GET /api/v1/applications/snapshot/6571644fc705506d4658c67b HTTP/1.1" 200 129 "http://localhost:8080/app/untitled-application-1/home-page-65716c1ffe194669cf56276c/edit/widgets/tfjcevgbfn" "Mozilla/5.0 (Macintosh; Intel Mac OS X 10_15_7) AppleWebKit/537.36 (KHTML, like Gecko) Chrome/119.0.0.0 Safari/537.36"
192.168.65.1 - - [07/Dec/2023:07:23:24 +0000] "PUT /api/v1/layouts/65716c1ffe194669cf56276a/pages/65716c1ffe194669cf56276c?applicationId=6571644fc705506d4658c67b HTTP/1.1" 200 1439 "http://localhost:8080/app/untitled-application-1/home-page-65716c1ffe194669cf56276c/edit/widgets/tfjcevgbfn" "Mozilla/5.0 (Macintosh; Intel Mac OS X 10_15_7) AppleWebKit/537.36 (KHTML, like Gecko) Chrome/119.0.0.0 Safari/537.36"
192.168.65.1 - - [07/Dec/2023:07:23:25 +0000] "PUT /api/v1/layouts/65716c1ffe194669cf56276a/pages/65716c1ffe194669cf56276c?applicationId=6571644fc705506d4658c67b HTTP/1.1" 200 1442 "http://localhost:8080/app/untitled-application-1/home-page-65716c1ffe194669cf56276c/edit/widgets/tfjcevgbfn" "Mozilla/5.0 (Macintosh; Intel Mac OS X 10_15_7) AppleWebKit/537.36 (KHTML, like Gecko) Chrome/119.0.0.0 Safari/537.36"
127.0.0.1 - - [07/Dec/2023:07:23:26 +0000] "GET / HTTP/1.1" 200 6933 "-" "curl/7.68.0"
127.0.0.1 - - [07/Dec/2023:07:23:41 +0000] "GET / HTTP/1.1" 200 6933 "-" "curl/7.68.0"
192.168.65.1 - - [07/Dec/2023:07:23:46 +0000] "PUT /api/v1/layouts/65716c1ffe194669cf56276a/pages/65716c1ffe194669cf56276c?applicationId=6571644fc705506d4658c67b HTTP/1.1" 200 1440 "http://localhost:8080/app/untitled-application-1/home-page-65716c1ffe194669cf56276c/edit/widgets/tfjcevgbfn" "Mozilla/5.0 (Macintosh; Intel Mac OS X 10_15_7) AppleWebKit/537.36 (KHTML, like Gecko) Chrome/119.0.0.0 Safari/537.36"
192.168.65.1 - - [07/Dec/2023:07:23:49 +0000] "PUT /api/v1/layouts/65716c1ffe194669cf56276a/pages/65716c1ffe194669cf56276c?applicationId=6571644fc705506d4658c67b HTTP/1.1" 200 1444 "http://localhost:8080/app/untitled-application-1/home-page-65716c1ffe194669cf56276c/edit/widgets/tfjcevgbfn" "Mozilla/5.0 (Macintosh; Intel Mac OS X 10_15_7) AppleWebKit/537.36 (KHTML, like Gecko) Chrome/119.0.0.0 Safari/537.36"
192.168.65.1 - - [07/Dec/2023:07:23:51 +0000] "GET /api/v1/pages/6571644fc705506d4658c67e HTTP/1.1" 200 3661 "http://localhost:8080/app/untitled-application-1/student-6571644fc705506d4658c67e/edit" "Mozilla/5.0 (Macintosh; Intel Mac OS X 10_15_7) AppleWebKit/537.36 (KHTML, like Gecko) Chrome/119.0.0.0 Safari/537.36"
192.168.65.1 - - [07/Dec/2023:07:23:52 +0000] "GET /api/v1/applications/snapshot/6571644fc705506d4658c67b HTTP/1.1" 200 129 "http://localhost:8080/app/untitled-application-1/student-6571644fc705506d4658c67e/edit/api/6571673dc705506d4658c68d" "Mozilla/5.0 (Macintosh; Intel Mac OS X 10_15_7) AppleWebKit/537.36 (KHTML, like Gecko) Chrome/119.0.0.0 Safari/537.36"
192.168.65.1 - - [07/Dec/2023:07:23:52 +0000] "POST /api/v1/actions/execute HTTP/1.1" 200 3104 "http://localhost:8080/app/untitled-application-1/student-6571644fc705506d4658c67e/edit/api/6571673dc705506d4658c68d" "Mozilla/5.0 (Macintosh; Intel Mac OS X 10_15_7) AppleWebKit/537.36 (KHTML, like Gecko) Chrome/119.0.0.0 Safari/537.36"
192.168.65.1 - - [07/Dec/2023:07:23:52 +0000] "PUT /api/v1/actions/6571673dc705506d4658c68d HTTP/1.1" 200 633 "http://localhost:8080/app/untitled-application-1/student-6571644fc705506d4658c67e/edit/api/6571673dc705506d4658c68d" "Mozilla/5.0 (Macintosh; Intel Mac OS X 10_15_7) AppleWebKit/537.36 (KHTML, like Gecko) Chrome/119.0.0.0 Safari/537.36"
192.168.65.1 - - [07/Dec/2023:07:23:52 +0000] "POST /api/v1/actions/execute HTTP/1.1" 200 551 "http://localhost:8080/app/untitled-application-1/student-6571644fc705506d4658c67e/edit/api/6571673dc705506d4658c68d" "Mozilla/5.0 (Macintosh; Intel Mac OS X 10_15_7) AppleWebKit/537.36 (KHTML, like Gecko) Chrome/119.0.0.0 Safari/537.36"
192.168.65.1 - - [07/Dec/2023:07:23:52 +0000] "POST /api/v1/actions/execute HTTP/1.1" 200 541 "http://localhost:8080/app/untitled-application-1/student-6571644fc705506d4658c67e/edit/api/6571673dc705506d4658c68d" "Mozilla/5.0 (Macintosh; Intel Mac OS X 10_15_7) AppleWebKit/537.36 (KHTML, like Gecko) Chrome/119.0.0.0 Safari/537.36"
127.0.0.1 - - [07/Dec/2023:07:23:56 +0000] "GET / HTTP/1.1" 200 6933 "-" "curl/7.68.0"
192.168.65.1 - - [07/Dec/2023:07:23:59 +0000] "GET /api/v1/pages/6571652cc705506d4658c687 HTTP/1.1" 200 1053 "http://localhost:8080/app/untitled-application-1/professor-6571652cc705506d4658c687/edit" "Mozilla/5.0 (Macintosh; Intel Mac OS X 10_15_7) AppleWebKit/537.36 (KHTML, like Gecko) Chrome/119.0.0.0 Safari/537.36"
192.168.65.1 - - [07/Dec/2023:07:23:59 +0000] "GET /api/v1/applications/snapshot/6571644fc705506d4658c67b HTTP/1.1" 200 129 "http://localhost:8080/app/untitled-application-1/professor-6571652cc705506d4658c687/edit/widgets/6w0ortobtk" "Mozilla/5.0 (Macintosh; Intel Mac OS X 10_15_7) AppleWebKit/537.36 (KHTML, like Gecko) Chrome/119.0.0.0 Safari/537.36"
192.168.65.1 - - [07/Dec/2023:07:24:00 +0000] "GET /api/v1/pages/65716c1ffe194669cf56276c HTTP/1.1" 200 1577 "http://localhost:8080/app/untitled-application-1/home-page-65716c1ffe194669cf56276c/edit" "Mozilla/5.0 (Macintosh; Intel Mac OS X 10_15_7) AppleWebKit/537.36 (KHTML, like Gecko) Chrome/119.0.0.0 Safari/537.36"
192.168.65.1 - - [07/Dec/2023:07:24:00 +0000] "GET /api/v1/applications/snapshot/6571644fc705506d4658c67b HTTP/1.1" 200 129 "http://localhost:8080/app/untitled-application-1/home-page-65716c1ffe194669cf56276c/edit/widgets/tfjcevgbfn" "Mozilla/5.0 (Macintosh; Intel Mac OS X 10_15_7) AppleWebKit/537.36 (KHTML, like Gecko) Chrome/119.0.0.0 Safari/537.36"
192.168.65.1 - - [07/Dec/2023:07:24:04 +0000] "GET /api/v1/pages/6571644fc705506d4658c67e HTTP/1.1" 200 3661 "http://localhost:8080/app/untitled-application-1/student-6571644fc705506d4658c67e/edit" "Mozilla/5.0 (Macintosh; Intel Mac OS X 10_15_7) AppleWebKit/537.36 (KHTML, like Gecko) Chrome/119.0.0.0 Safari/537.36"
192.168.65.1 - - [07/Dec/2023:07:24:05 +0000] "GET /api/v1/applications/snapshot/6571644fc705506d4658c67b HTTP/1.1" 200 129 "http://localhost:8080/app/untitled-application-1/student-6571644fc705506d4658c67e/edit/api/6571673dc705506d4658c68d" "Mozilla/5.0 (Macintosh; Intel Mac OS X 10_15_7) AppleWebKit/537.36 (KHTML, like Gecko) Chrome/119.0.0.0 Safari/537.36"
192.168.65.1 - - [07/Dec/2023:07:24:05 +0000] "POST /api/v1/actions/execute HTTP/1.1" 200 3105 "http://localhost:8080/app/untitled-application-1/student-6571644fc705506d4658c67e/edit/api/6571673dc705506d4658c68d" "Mozilla/5.0 (Macintosh; Intel Mac OS X 10_15_7) AppleWebKit/537.36 (KHTML, like Gecko) Chrome/119.0.0.0 Safari/537.36"
192.168.65.1 - - [07/Dec/2023:07:24:05 +0000] "PUT /api/v1/actions/6571673dc705506d4658c68d HTTP/1.1" 200 633 "http://localhost:8080/app/untitled-application-1/student-6571644fc705506d4658c67e/edit/api/6571673dc705506d4658c68d" "Mozilla/5.0 (Macintosh; Intel Mac OS X 10_15_7) AppleWebKit/537.36 (KHTML, like Gecko) Chrome/119.0.0.0 Safari/537.36"
192.168.65.1 - - [07/Dec/2023:07:24:05 +0000] "POST /api/v1/actions/execute HTTP/1.1" 200 552 "http://localhost:8080/app/untitled-application-1/student-6571644fc705506d4658c67e/edit/api/6571673dc705506d4658c68d" "Mozilla/5.0 (Macintosh; Intel Mac OS X 10_15_7) AppleWebKit/537.36 (KHTML, like Gecko) Chrome/119.0.0.0 Safari/537.36"
192.168.65.1 - - [07/Dec/2023:07:24:05 +0000] "POST /api/v1/actions/execute HTTP/1.1" 200 542 "http://localhost:8080/app/untitled-application-1/student-6571644fc705506d4658c67e/edit/api/6571673dc705506d4658c68d" "Mozilla/5.0 (Macintosh; Intel Mac OS X 10_15_7) AppleWebKit/537.36 (KHTML, like Gecko) Chrome/119.0.0.0 Safari/537.36"
127.0.0.1 - - [07/Dec/2023:07:24:11 +0000] "GET / HTTP/1.1" 200 6933 "-" "curl/7.68.0"
192.168.65.1 - - [07/Dec/2023:07:24:25 +0000] "POST /api/v1/actions/execute HTTP/1.1" 200 551 "http://localhost:8080/app/untitled-application-1/student-6571644fc705506d4658c67e/edit" "Mozilla/5.0 (Macintosh; Intel Mac OS X 10_15_7) AppleWebKit/537.36 (KHTML, like Gecko) Chrome/119.0.0.0 Safari/537.36"
127.0.0.1 - - [07/Dec/2023:07:24:26 +0000] "GET / HTTP/1.1" 200 6933 "-" "curl/7.68.0"
192.168.65.1 - - [07/Dec/2023:07:24:27 +0000] "POST /api/v1/actions/execute HTTP/1.1" 200 549 "http://localhost:8080/app/untitled-application-1/student-6571644fc705506d4658c67e/edit" "Mozilla/5.0 (Macintosh; Intel Mac OS X 10_15_7) AppleWebKit/537.36 (KHTML, like Gecko) Chrome/119.0.0.0 Safari/537.36"
192.168.65.1 - - [07/Dec/2023:07:24:30 +0000] "POST /api/v1/actions/execute HTTP/1.1" 200 488 "http://localhost:8080/app/untitled-application-1/student-6571644fc705506d4658c67e/edit" "Mozilla/5.0 (Macintosh; Intel Mac OS X 10_15_7) AppleWebKit/537.36 (KHTML, like Gecko) Chrome/119.0.0.0 Safari/537.36"
192.168.65.1 - - [07/Dec/2023:07:24:35 +0000] "PUT /api/v1/actions/6571673dc705506d4658c68d HTTP/1.1" 200 633 "http://localhost:8080/app/untitled-application-1/student-6571644fc705506d4658c67e/edit/api/6571673dc705506d4658c68d" "Mozilla/5.0 (Macintosh; Intel Mac OS X 10_15_7) AppleWebKit/537.36 (KHTML, like Gecko) Chrome/119.0.0.0 Safari/537.36"
127.0.0.1 - - [07/Dec/2023:07:24:42 +0000] "GET / HTTP/1.1" 200 6933 "-" "curl/7.68.0"
192.168.65.1 - - [07/Dec/2023:07:24:42 +0000] "POST /api/v1/actions/execute HTTP/1.1" 200 487 "http://localhost:8080/app/untitled-application-1/student-6571644fc705506d4658c67e/edit/widgets/ei95zyxsb8" "Mozilla/5.0 (Macintosh; Intel Mac OS X 10_15_7) AppleWebKit/537.36 (KHTML, like Gecko) Chrome/119.0.0.0 Safari/537.36"
192.168.65.1 - - [07/Dec/2023:07:24:49 +0000] "PUT /api/v1/layouts/6571644fc705506d4658c67c/pages/6571644fc705506d4658c67e?applicationId=6571644fc705506d4658c67b HTTP/1.1" 200 3563 "http://localhost:8080/app/untitled-application-1/student-6571644fc705506d4658c67e/edit/widgets/ei95zyxsb8" "Mozilla/5.0 (Macintosh; Intel Mac OS X 10_15_7) AppleWebKit/537.36 (KHTML, like Gecko) Chrome/119.0.0.0 Safari/537.36"
192.168.65.1 - - [07/Dec/2023:07:24:51 +0000] "PUT /api/v1/layouts/6571644fc705506d4658c67c/pages/6571644fc705506d4658c67e?applicationId=6571644fc705506d4658c67b HTTP/1.1" 200 3559 "http://localhost:8080/app/untitled-application-1/student-6571644fc705506d4658c67e/edit/widgets/ei95zyxsb8" "Mozilla/5.0 (Macintosh; Intel Mac OS X 10_15_7) AppleWebKit/537.36 (KHTML, like Gecko) Chrome/119.0.0.0 Safari/537.36"
192.168.65.1 - - [07/Dec/2023:07:24:52 +0000] "PUT /api/v1/layouts/6571644fc705506d4658c67c/pages/6571644fc705506d4658c67e?applicationId=6571644fc705506d4658c67b HTTP/1.1" 200 3486 "http://localhost:8080/app/untitled-application-1/student-6571644fc705506d4658c67e/edit" "Mozilla/5.0 (Macintosh; Intel Mac OS X 10_15_7) AppleWebKit/537.36 (KHTML, like Gecko) Chrome/119.0.0.0 Safari/537.36"
192.168.65.1 - - [07/Dec/2023:07:24:55 +0000] "PUT /api/v1/layouts/6571644fc705506d4658c67c/pages/6571644fc705506d4658c67e?applicationId=6571644fc705506d4658c67b HTTP/1.1" 200 3486 "http://localhost:8080/app/untitled-application-1/student-6571644fc705506d4658c67e/edit/widgets/ei95zyxsb8" "Mozilla/5.0 (Macintosh; Intel Mac OS X 10_15_7) AppleWebKit/537.36 (KHTML, like Gecko) Chrome/119.0.0.0 Safari/537.36"
127.0.0.1 - - [07/Dec/2023:07:24:57 +0000] "GET / HTTP/1.1" 200 6933 "-" "curl/7.68.0"
192.168.65.1 - - [07/Dec/2023:07:24:57 +0000] "POST /api/v1/actions/execute HTTP/1.1" 200 488 "http://localhost:8080/app/untitled-application-1/student-6571644fc705506d4658c67e/edit/widgets/ei95zyxsb8" "Mozilla/5.0 (Macintosh; Intel Mac OS X 10_15_7) AppleWebKit/537.36 (KHTML, like Gecko) Chrome/119.0.0.0 Safari/537.36"
127.0.0.1 - - [07/Dec/2023:07:25:12 +0000] "GET / HTTP/1.1" 200 6933 "-" "curl/7.68.0"
127.0.0.1 - - [07/Dec/2023:07:25:27 +0000] "GET / HTTP/1.1" 200 6933 "-" "curl/7.68.0"
127.0.0.1 - - [07/Dec/2023:07:25:42 +0000] "GET / HTTP/1.1" 200 6933 "-" "curl/7.68.0"
192.168.65.1 - - [07/Dec/2023:07:25:49 +0000] "PUT /api/v1/layouts/6571644fc705506d4658c67c/pages/6571644fc705506d4658c67e?applicationId=6571644fc705506d4658c67b HTTP/1.1" 200 3490 "http://localhost:8080/app/untitled-application-1/student-6571644fc705506d4658c67e/edit/widgets/ei95zyxsb8" "Mozilla/5.0 (Macintosh; Intel Mac OS X 10_15_7) AppleWebKit/537.36 (KHTML, like Gecko) Chrome/119.0.0.0 Safari/537.36"
192.168.65.1 - - [07/Dec/2023:07:25:57 +0000] "PUT /api/v1/layouts/6571644fc705506d4658c67c/pages/6571644fc705506d4658c67e?applicationId=6571644fc705506d4658c67b HTTP/1.1" 200 3506 "http://localhost:8080/app/untitled-application-1/student-6571644fc705506d4658c67e/edit/widgets/ei95zyxsb8" "Mozilla/5.0 (Macintosh; Intel Mac OS X 10_15_7) AppleWebKit/537.36 (KHTML, like Gecko) Chrome/119.0.0.0 Safari/537.36"
127.0.0.1 - - [07/Dec/2023:07:25:57 +0000] "GET / HTTP/1.1" 200 6933 "-" "curl/7.68.0"
192.168.65.1 - - [07/Dec/2023:07:25:58 +0000] "PUT /api/v1/layouts/6571644fc705506d4658c67c/pages/6571644fc705506d4658c67e?applicationId=6571644fc705506d4658c67b HTTP/1.1" 200 3490 "http://localhost:8080/app/untitled-application-1/student-6571644fc705506d4658c67e/edit/widgets/ei95zyxsb8" "Mozilla/5.0 (Macintosh; Intel Mac OS X 10_15_7) AppleWebKit/537.36 (KHTML, like Gecko) Chrome/119.0.0.0 Safari/537.36"
192.168.65.1 - - [07/Dec/2023:07:25:58 +0000] "PUT /api/v1/layouts/6571644fc705506d4658c67c/pages/6571644fc705506d4658c67e?applicationId=6571644fc705506d4658c67b HTTP/1.1" 200 3506 "http://localhost:8080/app/untitled-application-1/student-6571644fc705506d4658c67e/edit/widgets/ei95zyxsb8" "Mozilla/5.0 (Macintosh; Intel Mac OS X 10_15_7) AppleWebKit/537.36 (KHTML, like Gecko) Chrome/119.0.0.0 Safari/537.36"
192.168.65.1 - - [07/Dec/2023:07:26:00 +0000] "PUT /api/v1/layouts/6571644fc705506d4658c67c/pages/6571644fc705506d4658c67e?applicationId=6571644fc705506d4658c67b HTTP/1.1" 200 3490 "http://localhost:8080/app/untitled-application-1/student-6571644fc705506d4658c67e/edit/widgets/ei95zyxsb8" "Mozilla/5.0 (Macintosh; Intel Mac OS X 10_15_7) AppleWebKit/537.36 (KHTML, like Gecko) Chrome/119.0.0.0 Safari/537.36"
192.168.65.1 - - [07/Dec/2023:07:26:05 +0000] "PUT /api/v1/applications/6571644fc705506d4658c67b HTTP/1.1" 200 557 "http://localhost:8080/app/untitled-application-1/student-6571644fc705506d4658c67e/edit/widgets/ei95zyxsb8" "Mozilla/5.0 (Macintosh; Intel Mac OS X 10_15_7) AppleWebKit/537.36 (KHTML, like Gecko) Chrome/119.0.0.0 Safari/537.36"
127.0.0.1 - - [07/Dec/2023:07:26:13 +0000] "GET / HTTP/1.1" 200 6933 "-" "curl/7.68.0"
127.0.0.1 - - [07/Dec/2023:07:26:28 +0000] "GET / HTTP/1.1" 200 6933 "-" "curl/7.68.0"
127.0.0.1 - - [07/Dec/2023:07:26:43 +0000] "GET / HTTP/1.1" 200 6933 "-" "curl/7.68.0"
127.0.0.1 - - [07/Dec/2023:07:26:58 +0000] "GET / HTTP/1.1" 200 6933 "-" "curl/7.68.0"
192.168.65.1 - - [07/Dec/2023:07:27:08 +0000] "PUT /api/v1/layouts/6571644fc705506d4658c67c/pages/6571644fc705506d4658c67e?applicationId=6571644fc705506d4658c67b HTTP/1.1" 200 2275 "http://localhost:8080/app/onus/student-6571644fc705506d4658c67e/edit" "Mozilla/5.0 (Macintosh; Intel Mac OS X 10_15_7) AppleWebKit/537.36 (KHTML, like Gecko) Chrome/119.0.0.0 Safari/537.36"
192.168.65.1 - - [07/Dec/2023:07:27:10 +0000] "PUT /api/v1/layouts/6571644fc705506d4658c67c/pages/6571644fc705506d4658c67e?applicationId=6571644fc705506d4658c67b HTTP/1.1" 200 2232 "http://localhost:8080/app/onus/student-6571644fc705506d4658c67e/edit/widgets/wx7q8fxzxq" "Mozilla/5.0 (Macintosh; Intel Mac OS X 10_15_7) AppleWebKit/537.36 (KHTML, like Gecko) Chrome/119.0.0.0 Safari/537.36"
192.168.65.1 - - [07/Dec/2023:07:27:12 +0000] "PUT /api/v1/layouts/6571644fc705506d4658c67c/pages/6571644fc705506d4658c67e?applicationId=6571644fc705506d4658c67b HTTP/1.1" 200 2229 "http://localhost:8080/app/onus/student-6571644fc705506d4658c67e/edit/widgets/q9dqdu6o9v" "Mozilla/5.0 (Macintosh; Intel Mac OS X 10_15_7) AppleWebKit/537.36 (KHTML, like Gecko) Chrome/119.0.0.0 Safari/537.36"
192.168.65.1 - - [07/Dec/2023:07:27:13 +0000] "PUT /api/v1/layouts/6571644fc705506d4658c67c/pages/6571644fc705506d4658c67e?applicationId=6571644fc705506d4658c67b HTTP/1.1" 200 2166 "http://localhost:8080/app/onus/student-6571644fc705506d4658c67e/edit" "Mozilla/5.0 (Macintosh; Intel Mac OS X 10_15_7) AppleWebKit/537.36 (KHTML, like Gecko) Chrome/119.0.0.0 Safari/537.36"
127.0.0.1 - - [07/Dec/2023:07:27:13 +0000] "GET / HTTP/1.1" 200 6933 "-" "curl/7.68.0"
192.168.65.1 - - [07/Dec/2023:07:27:15 +0000] "PUT /api/v1/layouts/6571644fc705506d4658c67c/pages/6571644fc705506d4658c67e?applicationId=6571644fc705506d4658c67b HTTP/1.1" 200 2109 "http://localhost:8080/app/onus/student-6571644fc705506d4658c67e/edit" "Mozilla/5.0 (Macintosh; Intel Mac OS X 10_15_7) AppleWebKit/537.36 (KHTML, like Gecko) Chrome/119.0.0.0 Safari/537.36"
192.168.65.1 - - [07/Dec/2023:07:27:19 +0000] "PUT /api/v1/layouts/6571644fc705506d4658c67c/pages/6571644fc705506d4658c67e?applicationId=6571644fc705506d4658c67b HTTP/1.1" 200 2111 "http://localhost:8080/app/onus/student-6571644fc705506d4658c67e/edit/widgets/v3s8xjujzj" "Mozilla/5.0 (Macintosh; Intel Mac OS X 10_15_7) AppleWebKit/537.36 (KHTML, like Gecko) Chrome/119.0.0.0 Safari/537.36"
192.168.65.1 - - [07/Dec/2023:07:27:22 +0000] "PUT /api/v1/layouts/6571644fc705506d4658c67c/pages/6571644fc705506d4658c67e?applicationId=6571644fc705506d4658c67b HTTP/1.1" 200 2099 "http://localhost:8080/app/onus/student-6571644fc705506d4658c67e/edit/widgets/l3pr15s520" "Mozilla/5.0 (Macintosh; Intel Mac OS X 10_15_7) AppleWebKit/537.36 (KHTML, like Gecko) Chrome/119.0.0.0 Safari/537.36"
192.168.65.1 - - [07/Dec/2023:07:27:25 +0000] "PUT /api/v1/layouts/6571644fc705506d4658c67c/pages/6571644fc705506d4658c67e?applicationId=6571644fc705506d4658c67b HTTP/1.1" 200 2109 "http://localhost:8080/app/onus/student-6571644fc705506d4658c67e/edit/widgets/rkx67ntmts" "Mozilla/5.0 (Macintosh; Intel Mac OS X 10_15_7) AppleWebKit/537.36 (KHTML, like Gecko) Chrome/119.0.0.0 Safari/537.36"
192.168.65.1 - - [07/Dec/2023:07:27:26 +0000] "PUT /api/v1/layouts/6571644fc705506d4658c67c/pages/6571644fc705506d4658c67e?applicationId=6571644fc705506d4658c67b HTTP/1.1" 200 2102 "http://localhost:8080/app/onus/student-6571644fc705506d4658c67e/edit/widgets/rkx67ntmts" "Mozilla/5.0 (Macintosh; Intel Mac OS X 10_15_7) AppleWebKit/537.36 (KHTML, like Gecko) Chrome/119.0.0.0 Safari/537.36"
192.168.65.1 - - [07/Dec/2023:07:27:28 +0000] "PUT /api/v1/layouts/6571644fc705506d4658c67c/pages/6571644fc705506d4658c67e?applicationId=6571644fc705506d4658c67b HTTP/1.1" 200 2111 "http://localhost:8080/app/onus/student-6571644fc705506d4658c67e/edit/widgets/qwtrz9qgd7" "Mozilla/5.0 (Macintosh; Intel Mac OS X 10_15_7) AppleWebKit/537.36 (KHTML, like Gecko) Chrome/119.0.0.0 Safari/537.36"
127.0.0.1 - - [07/Dec/2023:07:27:28 +0000] "GET / HTTP/1.1" 200 6933 "-" "curl/7.68.0"
192.168.65.1 - - [07/Dec/2023:07:27:34 +0000] "PUT /api/v1/applications/6571644fc705506d4658c67b HTTP/1.1" 200 573 "http://localhost:8080/app/onus/student-6571644fc705506d4658c67e/edit" "Mozilla/5.0 (Macintosh; Intel Mac OS X 10_15_7) AppleWebKit/537.36 (KHTML, like Gecko) Chrome/119.0.0.0 Safari/537.36"
192.168.65.1 - - [07/Dec/2023:07:27:38 +0000] "PUT /api/v1/applications/6571644fc705506d4658c67b HTTP/1.1" 200 579 "http://localhost:8080/app/onus/student-6571644fc705506d4658c67e/edit" "Mozilla/5.0 (Macintosh; Intel Mac OS X 10_15_7) AppleWebKit/537.36 (KHTML, like Gecko) Chrome/119.0.0.0 Safari/537.36"
192.168.65.1 - - [07/Dec/2023:07:27:40 +0000] "PUT /api/v1/applications/6571644fc705506d4658c67b HTTP/1.1" 200 573 "http://localhost:8080/app/onus/student-6571644fc705506d4658c67e/edit" "Mozilla/5.0 (Macintosh; Intel Mac OS X 10_15_7) AppleWebKit/537.36 (KHTML, like Gecko) Chrome/119.0.0.0 Safari/537.36"
127.0.0.1 - - [07/Dec/2023:07:27:43 +0000] "GET / HTTP/1.1" 200 6933 "-" "curl/7.68.0"
127.0.0.1 - - [07/Dec/2023:07:27:59 +0000] "GET / HTTP/1.1" 200 6933 "-" "curl/7.68.0"
192.168.65.1 - - [07/Dec/2023:07:28:01 +0000] "PUT /api/v1/layouts/6571644fc705506d4658c67c/pages/6571644fc705506d4658c67e?applicationId=6571644fc705506d4658c67b HTTP/1.1" 200 2107 "http://localhost:8080/app/onus/student-6571644fc705506d4658c67e/edit" "Mozilla/5.0 (Macintosh; Intel Mac OS X 10_15_7) AppleWebKit/537.36 (KHTML, like Gecko) Chrome/119.0.0.0 Safari/537.36"
127.0.0.1 - - [07/Dec/2023:07:28:14 +0000] "GET / HTTP/1.1" 200 6933 "-" "curl/7.68.0"
127.0.0.1 - - [07/Dec/2023:07:28:29 +0000] "GET / HTTP/1.1" 200 6933 "-" "curl/7.68.0"
192.168.65.1 - - [07/Dec/2023:07:28:32 +0000] "GET /api/v1/pages/6571716dfe194669cf562776 HTTP/1.1" 200 2041 "http://localhost:8080/app/onus/all-students-6571716dfe194669cf562776/edit" "Mozilla/5.0 (Macintosh; Intel Mac OS X 10_15_7) AppleWebKit/537.36 (KHTML, like Gecko) Chrome/119.0.0.0 Safari/537.36"
192.168.65.1 - - [07/Dec/2023:07:28:32 +0000] "GET /api/v1/applications/snapshot/6571644fc705506d4658c67b HTTP/1.1" 200 129 "http://localhost:8080/app/onus/all-students-6571716dfe194669cf562776/edit" "Mozilla/5.0 (Macintosh; Intel Mac OS X 10_15_7) AppleWebKit/537.36 (KHTML, like Gecko) Chrome/119.0.0.0 Safari/537.36"
192.168.65.1 - - [07/Dec/2023:07:28:32 +0000] "POST /api/v1/actions/execute HTTP/1.1" 200 3105 "http://localhost:8080/app/onus/all-students-6571716dfe194669cf562776/edit" "Mozilla/5.0 (Macintosh; Intel Mac OS X 10_15_7) AppleWebKit/537.36 (KHTML, like Gecko) Chrome/119.0.0.0 Safari/537.36"
192.168.65.1 - - [07/Dec/2023:07:28:34 +0000] "GET /api/v1/pages/6571652cc705506d4658c687 HTTP/1.1" 200 1053 "http://localhost:8080/app/onus/professor-6571652cc705506d4658c687/edit" "Mozilla/5.0 (Macintosh; Intel Mac OS X 10_15_7) AppleWebKit/537.36 (KHTML, like Gecko) Chrome/119.0.0.0 Safari/537.36"
192.168.65.1 - - [07/Dec/2023:07:28:34 +0000] "GET /api/v1/applications/snapshot/6571644fc705506d4658c67b HTTP/1.1" 200 129 "http://localhost:8080/app/onus/professor-6571652cc705506d4658c687/edit" "Mozilla/5.0 (Macintosh; Intel Mac OS X 10_15_7) AppleWebKit/537.36 (KHTML, like Gecko) Chrome/119.0.0.0 Safari/537.36"
127.0.0.1 - - [07/Dec/2023:07:28:44 +0000] "GET / HTTP/1.1" 200 6933 "-" "curl/7.68.0"
127.0.0.1 - - [07/Dec/2023:07:28:59 +0000] "GET / HTTP/1.1" 200 6933 "-" "curl/7.68.0"
127.0.0.1 - - [07/Dec/2023:07:29:14 +0000] "GET / HTTP/1.1" 200 6933 "-" "curl/7.68.0"
127.0.0.1 - - [07/Dec/2023:07:29:30 +0000] "GET / HTTP/1.1" 200 6933 "-" "curl/7.68.0"
192.168.65.1 - - [07/Dec/2023:07:29:34 +0000] "GET /api/v1/pages/6571716dfe194669cf562776 HTTP/1.1" 200 2041 "http://localhost:8080/app/onus/all-students-6571716dfe194669cf562776/edit" "Mozilla/5.0 (Macintosh; Intel Mac OS X 10_15_7) AppleWebKit/537.36 (KHTML, like Gecko) Chrome/119.0.0.0 Safari/537.36"
192.168.65.1 - - [07/Dec/2023:07:29:35 +0000] "GET /api/v1/applications/snapshot/6571644fc705506d4658c67b HTTP/1.1" 200 129 "http://localhost:8080/app/onus/all-students-6571716dfe194669cf562776/edit" "Mozilla/5.0 (Macintosh; Intel Mac OS X 10_15_7) AppleWebKit/537.36 (KHTML, like Gecko) Chrome/119.0.0.0 Safari/537.36"
192.168.65.1 - - [07/Dec/2023:07:29:35 +0000] "POST /api/v1/actions/execute HTTP/1.1" 200 3105 "http://localhost:8080/app/onus/all-students-6571716dfe194669cf562776/edit" "Mozilla/5.0 (Macintosh; Intel Mac OS X 10_15_7) AppleWebKit/537.36 (KHTML, like Gecko) Chrome/119.0.0.0 Safari/537.36"
192.168.65.1 - - [07/Dec/2023:07:29:41 +0000] "PUT /api/v1/actions/65717176fe194669cf562778 HTTP/1.1" 200 645 "http://localhost:8080/app/onus/all-students-6571716dfe194669cf562776/edit/api/65717176fe194669cf562778" "Mozilla/5.0 (Macintosh; Intel Mac OS X 10_15_7) AppleWebKit/537.36 (KHTML, like Gecko) Chrome/119.0.0.0 Safari/537.36"
127.0.0.1 - - [07/Dec/2023:07:29:45 +0000] "GET / HTTP/1.1" 200 6933 "-" "curl/7.68.0"
192.168.65.1 - - [07/Dec/2023:07:29:46 +0000] "PUT /api/v1/actions/65717176fe194669cf562778 HTTP/1.1" 200 647 "http://localhost:8080/app/onus/all-students-6571716dfe194669cf562776/edit/api/65717176fe194669cf562778" "Mozilla/5.0 (Macintosh; Intel Mac OS X 10_15_7) AppleWebKit/537.36 (KHTML, like Gecko) Chrome/119.0.0.0 Safari/537.36"
192.168.65.1 - - [07/Dec/2023:07:29:46 +0000] "POST /api/v1/actions/execute HTTP/1.1" 200 3109 "http://localhost:8080/app/onus/all-students-6571716dfe194669cf562776/edit/api/65717176fe194669cf562778" "Mozilla/5.0 (Macintosh; Intel Mac OS X 10_15_7) AppleWebKit/537.36 (KHTML, like Gecko) Chrome/119.0.0.0 Safari/537.36"
127.0.0.1 - - [07/Dec/2023:07:30:00 +0000] "GET / HTTP/1.1" 200 6933 "-" "curl/7.68.0"
127.0.0.1 - - [07/Dec/2023:07:30:15 +0000] "GET / HTTP/1.1" 200 6933 "-" "curl/7.68.0"
127.0.0.1 - - [07/Dec/2023:07:30:30 +0000] "GET / HTTP/1.1" 200 6933 "-" "curl/7.68.0"
127.0.0.1 - - [07/Dec/2023:07:30:45 +0000] "GET / HTTP/1.1" 200 6933 "-" "curl/7.68.0"
127.0.0.1 - - [07/Dec/2023:07:31:01 +0000] "GET / HTTP/1.1" 200 6933 "-" "curl/7.68.0"
127.0.0.1 - - [07/Dec/2023:07:31:16 +0000] "GET / HTTP/1.1" 200 6933 "-" "curl/7.68.0"
192.168.65.1 - - [07/Dec/2023:07:31:24 +0000] "GET /api/v1/pages/65716c1ffe194669cf56276c HTTP/1.1" 200 1577 "http://localhost:8080/app/onus/home-page-65716c1ffe194669cf56276c/edit" "Mozilla/5.0 (Macintosh; Intel Mac OS X 10_15_7) AppleWebKit/537.36 (KHTML, like Gecko) Chrome/119.0.0.0 Safari/537.36"
192.168.65.1 - - [07/Dec/2023:07:31:24 +0000] "GET /api/v1/applications/snapshot/6571644fc705506d4658c67b HTTP/1.1" 200 129 "http://localhost:8080/app/onus/home-page-65716c1ffe194669cf56276c/edit" "Mozilla/5.0 (Macintosh; Intel Mac OS X 10_15_7) AppleWebKit/537.36 (KHTML, like Gecko) Chrome/119.0.0.0 Safari/537.36"
192.168.65.1 - - [07/Dec/2023:07:31:26 +0000] "GET /api/v1/pages/6571644fc705506d4658c67e HTTP/1.1" 200 2220 "http://localhost:8080/app/onus/student-6571644fc705506d4658c67e/edit" "Mozilla/5.0 (Macintosh; Intel Mac OS X 10_15_7) AppleWebKit/537.36 (KHTML, like Gecko) Chrome/119.0.0.0 Safari/537.36"
192.168.65.1 - - [07/Dec/2023:07:31:26 +0000] "GET /api/v1/applications/snapshot/6571644fc705506d4658c67b HTTP/1.1" 200 129 "http://localhost:8080/app/onus/student-6571644fc705506d4658c67e/edit" "Mozilla/5.0 (Macintosh; Intel Mac OS X 10_15_7) AppleWebKit/537.36 (KHTML, like Gecko) Chrome/119.0.0.0 Safari/537.36"
192.168.65.1 - - [07/Dec/2023:07:31:26 +0000] "POST /api/v1/actions/execute HTTP/1.1" 200 551 "http://localhost:8080/app/onus/student-6571644fc705506d4658c67e/edit" "Mozilla/5.0 (Macintosh; Intel Mac OS X 10_15_7) AppleWebKit/537.36 (KHTML, like Gecko) Chrome/119.0.0.0 Safari/537.36"
192.168.65.1 - - [07/Dec/2023:07:31:26 +0000] "POST /api/v1/actions/execute HTTP/1.1" 200 541 "http://localhost:8080/app/onus/student-6571644fc705506d4658c67e/edit" "Mozilla/5.0 (Macintosh; Intel Mac OS X 10_15_7) AppleWebKit/537.36 (KHTML, like Gecko) Chrome/119.0.0.0 Safari/537.36"
192.168.65.1 - - [07/Dec/2023:07:31:31 +0000] "POST /api/v1/actions/execute HTTP/1.1" 200 548 "http://localhost:8080/app/onus/student-6571644fc705506d4658c67e/edit/widgets/a6vb7jh1on" "Mozilla/5.0 (Macintosh; Intel Mac OS X 10_15_7) AppleWebKit/537.36 (KHTML, like Gecko) Chrome/119.0.0.0 Safari/537.36"
127.0.0.1 - - [07/Dec/2023:07:31:31 +0000] "GET / HTTP/1.1" 200 6933 "-" "curl/7.68.0"
192.168.65.1 - - [07/Dec/2023:07:31:32 +0000] "POST /api/v1/actions/execute HTTP/1.1" 200 487 "http://localhost:8080/app/onus/student-6571644fc705506d4658c67e/edit/widgets/ei95zyxsb8" "Mozilla/5.0 (Macintosh; Intel Mac OS X 10_15_7) AppleWebKit/537.36 (KHTML, like Gecko) Chrome/119.0.0.0 Safari/537.36"
192.168.65.1 - - [07/Dec/2023:07:31:38 +0000] "PUT /api/v1/layouts/6571644fc705506d4658c67c/pages/6571644fc705506d4658c67e?applicationId=6571644fc705506d4658c67b HTTP/1.1" 200 2099 "http://localhost:8080/app/onus/student-6571644fc705506d4658c67e/edit/widgets/l3pr15s520" "Mozilla/5.0 (Macintosh; Intel Mac OS X 10_15_7) AppleWebKit/537.36 (KHTML, like Gecko) Chrome/119.0.0.0 Safari/537.36"
192.168.65.1 - - [07/Dec/2023:07:31:41 +0000] "PUT /api/v1/layouts/6571644fc705506d4658c67c/pages/6571644fc705506d4658c67e?applicationId=6571644fc705506d4658c67b HTTP/1.1" 200 2093 "http://localhost:8080/app/onus/student-6571644fc705506d4658c67e/edit/widgets/v3s8xjujzj" "Mozilla/5.0 (Macintosh; Intel Mac OS X 10_15_7) AppleWebKit/537.36 (KHTML, like Gecko) Chrome/119.0.0.0 Safari/537.36"
192.168.65.1 - - [07/Dec/2023:07:31:43 +0000] "PUT /api/v1/layouts/6571644fc705506d4658c67c/pages/6571644fc705506d4658c67e?applicationId=6571644fc705506d4658c67b HTTP/1.1" 200 2091 "http://localhost:8080/app/onus/student-6571644fc705506d4658c67e/edit/widgets/v3s8xjujzj" "Mozilla/5.0 (Macintosh; Intel Mac OS X 10_15_7) AppleWebKit/537.36 (KHTML, like Gecko) Chrome/119.0.0.0 Safari/537.36"
127.0.0.1 - - [07/Dec/2023:07:31:46 +0000] "GET / HTTP/1.1" 200 6933 "-" "curl/7.68.0"
192.168.65.1 - - [07/Dec/2023:07:31:49 +0000] "POST /api/v1/actions/execute HTTP/1.1" 200 551 "http://localhost:8080/app/onus/student-6571644fc705506d4658c67e/edit/widgets/a6vb7jh1on" "Mozilla/5.0 (Macintosh; Intel Mac OS X 10_15_7) AppleWebKit/537.36 (KHTML, like Gecko) Chrome/119.0.0.0 Safari/537.36"
192.168.65.1 - - [07/Dec/2023:07:31:51 +0000] "POST /api/v1/actions/execute HTTP/1.1" 200 497 "http://localhost:8080/app/onus/student-6571644fc705506d4658c67e/edit/widgets/ei95zyxsb8" "Mozilla/5.0 (Macintosh; Intel Mac OS X 10_15_7) AppleWebKit/537.36 (KHTML, like Gecko) Chrome/119.0.0.0 Safari/537.36"
127.0.0.1 - - [07/Dec/2023:07:32:01 +0000] "GET / HTTP/1.1" 200 6933 "-" "curl/7.68.0"
192.168.65.1 - - [07/Dec/2023:07:32:04 +0000] "PUT /api/v1/layouts/6571644fc705506d4658c67c/pages/6571644fc705506d4658c67e?applicationId=6571644fc705506d4658c67b HTTP/1.1" 200 2092 "http://localhost:8080/app/onus/student-6571644fc705506d4658c67e/edit/widgets/l3pr15s520,v3s8xjujzj" "Mozilla/5.0 (Macintosh; Intel Mac OS X 10_15_7) AppleWebKit/537.36 (KHTML, like Gecko) Chrome/119.0.0.0 Safari/537.36"
127.0.0.1 - - [07/Dec/2023:07:32:16 +0000] "GET / HTTP/1.1" 200 6933 "-" "curl/7.68.0"
127.0.0.1 - - [07/Dec/2023:07:32:32 +0000] "GET / HTTP/1.1" 200 6933 "-" "curl/7.68.0"
127.0.0.1 - - [07/Dec/2023:07:32:47 +0000] "GET / HTTP/1.1" 200 6933 "-" "curl/7.68.0"
192.168.65.1 - - [07/Dec/2023:07:32:48 +0000] "PUT /api/v1/layouts/6571644fc705506d4658c67c/pages/6571644fc705506d4658c67e?applicationId=6571644fc705506d4658c67b HTTP/1.1" 200 2112 "http://localhost:8080/app/onus/student-6571644fc705506d4658c67e/edit/widgets/bx0bptmeyn,ei95zyxsb8,a6vb7jh1on,l3pr15s520,v3s8xjujzj,rkx67ntmts,qwtrz9qgd7" "Mozilla/5.0 (Macintosh; Intel Mac OS X 10_15_7) AppleWebKit/537.36 (KHTML, like Gecko) Chrome/119.0.0.0 Safari/537.36"
192.168.65.1 - - [07/Dec/2023:07:32:54 +0000] "PUT /api/v1/layouts/6571644fc705506d4658c67c/pages/6571644fc705506d4658c67e?applicationId=6571644fc705506d4658c67b HTTP/1.1" 200 2214 "http://localhost:8080/app/onus/student-6571644fc705506d4658c67e/edit/widgets/m72ukyzvo4" "Mozilla/5.0 (Macintosh; Intel Mac OS X 10_15_7) AppleWebKit/537.36 (KHTML, like Gecko) Chrome/119.0.0.0 Safari/537.36"
127.0.0.1 - - [07/Dec/2023:07:33:02 +0000] "GET / HTTP/1.1" 200 6933 "-" "curl/7.68.0"
192.168.65.1 - - [07/Dec/2023:07:33:04 +0000] "PUT /api/v1/layouts/6571644fc705506d4658c67c/pages/6571644fc705506d4658c67e?applicationId=6571644fc705506d4658c67b HTTP/1.1" 200 2203 "http://localhost:8080/app/onus/student-6571644fc705506d4658c67e/edit/widgets/m72ukyzvo4" "Mozilla/5.0 (Macintosh; Intel Mac OS X 10_15_7) AppleWebKit/537.36 (KHTML, like Gecko) Chrome/119.0.0.0 Safari/537.36"
192.168.65.1 - - [07/Dec/2023:07:33:16 +0000] "PUT /api/v1/layouts/6571644fc705506d4658c67c/pages/6571644fc705506d4658c67e?applicationId=6571644fc705506d4658c67b HTTP/1.1" 200 2255 "http://localhost:8080/app/onus/student-6571644fc705506d4658c67e/edit/widgets/m72ukyzvo4" "Mozilla/5.0 (Macintosh; Intel Mac OS X 10_15_7) AppleWebKit/537.36 (KHTML, like Gecko) Chrome/119.0.0.0 Safari/537.36"
127.0.0.1 - - [07/Dec/2023:07:33:17 +0000] "GET / HTTP/1.1" 200 6933 "-" "curl/7.68.0"
192.168.65.1 - - [07/Dec/2023:07:33:19 +0000] "PUT /api/v1/layouts/6571644fc705506d4658c67c/pages/6571644fc705506d4658c67e?applicationId=6571644fc705506d4658c67b HTTP/1.1" 200 2232 "http://localhost:8080/app/onus/student-6571644fc705506d4658c67e/edit/widgets/m72ukyzvo4" "Mozilla/5.0 (Macintosh; Intel Mac OS X 10_15_7) AppleWebKit/537.36 (KHTML, like Gecko) Chrome/119.0.0.0 Safari/537.36"
127.0.0.1 - - [07/Dec/2023:07:33:32 +0000] "GET / HTTP/1.1" 200 6933 "-" "curl/7.68.0"
192.168.65.1 - - [07/Dec/2023:07:33:37 +0000] "PUT /api/v1/layouts/6571644fc705506d4658c67c/pages/6571644fc705506d4658c67e?applicationId=6571644fc705506d4658c67b HTTP/1.1" 200 2234 "http://localhost:8080/app/onus/student-6571644fc705506d4658c67e/edit/widgets/bx0bptmeyn" "Mozilla/5.0 (Macintosh; Intel Mac OS X 10_15_7) AppleWebKit/537.36 (KHTML, like Gecko) Chrome/119.0.0.0 Safari/537.36"
192.168.65.1 - - [07/Dec/2023:07:33:38 +0000] "PUT /api/v1/layouts/6571644fc705506d4658c67c/pages/6571644fc705506d4658c67e?applicationId=6571644fc705506d4658c67b HTTP/1.1" 200 2235 "http://localhost:8080/app/onus/student-6571644fc705506d4658c67e/edit/widgets/bx0bptmeyn" "Mozilla/5.0 (Macintosh; Intel Mac OS X 10_15_7) AppleWebKit/537.36 (KHTML, like Gecko) Chrome/119.0.0.0 Safari/537.36"
127.0.0.1 - - [07/Dec/2023:07:33:47 +0000] "GET / HTTP/1.1" 200 6933 "-" "curl/7.68.0"
127.0.0.1 - - [07/Dec/2023:07:34:03 +0000] "GET / HTTP/1.1" 200 6933 "-" "curl/7.68.0"
192.168.65.1 - - [07/Dec/2023:07:34:13 +0000] "GET /api/v1/pages/65716c1ffe194669cf56276c HTTP/1.1" 200 1577 "http://localhost:8080/app/onus/home-page-65716c1ffe194669cf56276c/edit" "Mozilla/5.0 (Macintosh; Intel Mac OS X 10_15_7) AppleWebKit/537.36 (KHTML, like Gecko) Chrome/119.0.0.0 Safari/537.36"
192.168.65.1 - - [07/Dec/2023:07:34:13 +0000] "GET /api/v1/applications/snapshot/6571644fc705506d4658c67b HTTP/1.1" 200 129 "http://localhost:8080/app/onus/home-page-65716c1ffe194669cf56276c/edit/widgets/tfjcevgbfn" "Mozilla/5.0 (Macintosh; Intel Mac OS X 10_15_7) AppleWebKit/537.36 (KHTML, like Gecko) Chrome/119.0.0.0 Safari/537.36"
192.168.65.1 - - [07/Dec/2023:07:34:15 +0000] "GET /api/v1/pages/6571644fc705506d4658c67e HTTP/1.1" 200 2344 "http://localhost:8080/app/onus/student-6571644fc705506d4658c67e/edit" "Mozilla/5.0 (Macintosh; Intel Mac OS X 10_15_7) AppleWebKit/537.36 (KHTML, like Gecko) Chrome/119.0.0.0 Safari/537.36"
192.168.65.1 - - [07/Dec/2023:07:34:15 +0000] "GET /api/v1/applications/snapshot/6571644fc705506d4658c67b HTTP/1.1" 200 129 "http://localhost:8080/app/onus/student-6571644fc705506d4658c67e/edit" "Mozilla/5.0 (Macintosh; Intel Mac OS X 10_15_7) AppleWebKit/537.36 (KHTML, like Gecko) Chrome/119.0.0.0 Safari/537.36"
192.168.65.1 - - [07/Dec/2023:07:34:15 +0000] "POST /api/v1/actions/execute HTTP/1.1" 200 551 "http://localhost:8080/app/onus/student-6571644fc705506d4658c67e/edit" "Mozilla/5.0 (Macintosh; Intel Mac OS X 10_15_7) AppleWebKit/537.36 (KHTML, like Gecko) Chrome/119.0.0.0 Safari/537.36"
192.168.65.1 - - [07/Dec/2023:07:34:15 +0000] "POST /api/v1/actions/execute HTTP/1.1" 200 541 "http://localhost:8080/app/onus/student-6571644fc705506d4658c67e/edit" "Mozilla/5.0 (Macintosh; Intel Mac OS X 10_15_7) AppleWebKit/537.36 (KHTML, like Gecko) Chrome/119.0.0.0 Safari/537.36"
127.0.0.1 - - [07/Dec/2023:07:34:18 +0000] "GET / HTTP/1.1" 200 6933 "-" "curl/7.68.0"
192.168.65.1 - - [07/Dec/2023:07:34:23 +0000] "POST /api/v1/pages HTTP/1.1" 201 864 "http://localhost:8080/app/onus/student-6571644fc705506d4658c67e/edit" "Mozilla/5.0 (Macintosh; Intel Mac OS X 10_15_7) AppleWebKit/537.36 (KHTML, like Gecko) Chrome/119.0.0.0 Safari/537.36"
192.168.65.1 - - [07/Dec/2023:07:34:23 +0000] "GET /api/v1/pages/6571757ffe194669cf56277d HTTP/1.1" 200 513 "http://localhost:8080/app/onus/page1-6571757ffe194669cf56277d/edit" "Mozilla/5.0 (Macintosh; Intel Mac OS X 10_15_7) AppleWebKit/537.36 (KHTML, like Gecko) Chrome/119.0.0.0 Safari/537.36"
192.168.65.1 - - [07/Dec/2023:07:34:23 +0000] "GET /api/v1/applications/snapshot/6571644fc705506d4658c67b HTTP/1.1" 200 129 "http://localhost:8080/app/onus/page1-6571757ffe194669cf56277d/edit" "Mozilla/5.0 (Macintosh; Intel Mac OS X 10_15_7) AppleWebKit/537.36 (KHTML, like Gecko) Chrome/119.0.0.0 Safari/537.36"
192.168.65.1 - - [07/Dec/2023:07:34:33 +0000] "PUT /api/v1/pages/6571757ffe194669cf56277d HTTP/1.1" 200 512 "http://localhost:8080/app/onus/page1-6571757ffe194669cf56277d/edit" "Mozilla/5.0 (Macintosh; Intel Mac OS X 10_15_7) AppleWebKit/537.36 (KHTML, like Gecko) Chrome/119.0.0.0 Safari/537.36"
127.0.0.1 - - [07/Dec/2023:07:34:33 +0000] "GET / HTTP/1.1" 200 6933 "-" "curl/7.68.0"
192.168.65.1 - - [07/Dec/2023:07:34:38 +0000] "PUT /api/v1/layouts/6571757ffe194669cf56277b/pages/6571757ffe194669cf56277d?applicationId=6571644fc705506d4658c67b HTTP/1.1" 200 961 "http://localhost:8080/app/onus/add-study-break-6571757ffe194669cf56277d/edit/widgets/hut65mqevz" "Mozilla/5.0 (Macintosh; Intel Mac OS X 10_15_7) AppleWebKit/537.36 (KHTML, like Gecko) Chrome/119.0.0.0 Safari/537.36"
192.168.65.1 - - [07/Dec/2023:07:34:43 +0000] "PUT /api/v1/layouts/6571757ffe194669cf56277b/pages/6571757ffe194669cf56277d?applicationId=6571644fc705506d4658c67b HTTP/1.1" 200 1024 "http://localhost:8080/app/onus/add-study-break-6571757ffe194669cf56277d/edit/widgets/nu552wyao7" "Mozilla/5.0 (Macintosh; Intel Mac OS X 10_15_7) AppleWebKit/537.36 (KHTML, like Gecko) Chrome/119.0.0.0 Safari/537.36"
192.168.65.1 - - [07/Dec/2023:07:34:45 +0000] "PUT /api/v1/layouts/6571757ffe194669cf56277b/pages/6571757ffe194669cf56277d?applicationId=6571644fc705506d4658c67b HTTP/1.1" 200 1069 "http://localhost:8080/app/onus/add-study-break-6571757ffe194669cf56277d/edit/widgets/p40sfyuiz2" "Mozilla/5.0 (Macintosh; Intel Mac OS X 10_15_7) AppleWebKit/537.36 (KHTML, like Gecko) Chrome/119.0.0.0 Safari/537.36"
192.168.65.1 - - [07/Dec/2023:07:34:48 +0000] "PUT /api/v1/layouts/6571757ffe194669cf56277b/pages/6571757ffe194669cf56277d?applicationId=6571644fc705506d4658c67b HTTP/1.1" 200 1112 "http://localhost:8080/app/onus/add-study-break-6571757ffe194669cf56277d/edit/widgets/f4dlry8vqr" "Mozilla/5.0 (Macintosh; Intel Mac OS X 10_15_7) AppleWebKit/537.36 (KHTML, like Gecko) Chrome/119.0.0.0 Safari/537.36"
127.0.0.1 - - [07/Dec/2023:07:34:48 +0000] "GET / HTTP/1.1" 200 6933 "-" "curl/7.68.0"
127.0.0.1 - - [07/Dec/2023:07:35:03 +0000] "GET / HTTP/1.1" 200 6933 "-" "curl/7.68.0"
192.168.65.1 - - [07/Dec/2023:07:35:11 +0000] "PUT /api/v1/layouts/6571757ffe194669cf56277b/pages/6571757ffe194669cf56277d?applicationId=6571644fc705506d4658c67b HTTP/1.1" 200 1139 "http://localhost:8080/app/onus/add-study-break-6571757ffe194669cf56277d/edit" "Mozilla/5.0 (Macintosh; Intel Mac OS X 10_15_7) AppleWebKit/537.36 (KHTML, like Gecko) Chrome/119.0.0.0 Safari/537.36"
127.0.0.1 - - [07/Dec/2023:07:35:19 +0000] "GET / HTTP/1.1" 200 6933 "-" "curl/7.68.0"
192.168.65.1 - - [07/Dec/2023:07:35:19 +0000] "PUT /api/v1/layouts/6571757ffe194669cf56277b/pages/6571757ffe194669cf56277d?applicationId=6571644fc705506d4658c67b HTTP/1.1" 200 1147 "http://localhost:8080/app/onus/add-study-break-6571757ffe194669cf56277d/edit/widgets/nu552wyao7" "Mozilla/5.0 (Macintosh; Intel Mac OS X 10_15_7) AppleWebKit/537.36 (KHTML, like Gecko) Chrome/119.0.0.0 Safari/537.36"
192.168.65.1 - - [07/Dec/2023:07:35:23 +0000] "PUT /api/v1/layouts/6571757ffe194669cf56277b/pages/6571757ffe194669cf56277d?applicationId=6571644fc705506d4658c67b HTTP/1.1" 200 1155 "http://localhost:8080/app/onus/add-study-break-6571757ffe194669cf56277d/edit" "Mozilla/5.0 (Macintosh; Intel Mac OS X 10_15_7) AppleWebKit/537.36 (KHTML, like Gecko) Chrome/119.0.0.0 Safari/537.36"
127.0.0.1 - - [07/Dec/2023:07:35:34 +0000] "GET / HTTP/1.1" 200 6933 "-" "curl/7.68.0"
192.168.65.1 - - [07/Dec/2023:07:35:38 +0000] "PUT /api/v1/layouts/6571757ffe194669cf56277b/pages/6571757ffe194669cf56277d?applicationId=6571644fc705506d4658c67b HTTP/1.1" 200 1148 "http://localhost:8080/app/onus/add-study-break-6571757ffe194669cf56277d/edit" "Mozilla/5.0 (Macintosh; Intel Mac OS X 10_15_7) AppleWebKit/537.36 (KHTML, like Gecko) Chrome/119.0.0.0 Safari/537.36"
127.0.0.1 - - [07/Dec/2023:07:35:49 +0000] "GET / HTTP/1.1" 200 6933 "-" "curl/7.68.0"
192.168.65.1 - - [07/Dec/2023:07:35:49 +0000] "POST /api/v1/actions HTTP/1.1" 201 1245 "http://localhost:8080/app/onus/add-study-break-6571757ffe194669cf56277d/edit" "Mozilla/5.0 (Macintosh; Intel Mac OS X 10_15_7) AppleWebKit/537.36 (KHTML, like Gecko) Chrome/119.0.0.0 Safari/537.36"
192.168.65.1 - - [07/Dec/2023:07:35:53 +0000] "PUT /api/v1/actions/657175d5fe194669cf56277f HTTP/1.1" 200 621 "http://localhost:8080/app/onus/add-study-break-6571757ffe194669cf56277d/edit/api/657175d5fe194669cf56277f?editName=true&from=datasources" "Mozilla/5.0 (Macintosh; Intel Mac OS X 10_15_7) AppleWebKit/537.36 (KHTML, like Gecko) Chrome/119.0.0.0 Safari/537.36"
192.168.65.1 - - [07/Dec/2023:07:35:55 +0000] "PUT /api/v1/actions/657175d5fe194669cf56277f HTTP/1.1" 200 623 "http://localhost:8080/app/onus/add-study-break-6571757ffe194669cf56277d/edit/api/657175d5fe194669cf56277f?editName=true&from=datasources" "Mozilla/5.0 (Macintosh; Intel Mac OS X 10_15_7) AppleWebKit/537.36 (KHTML, like Gecko) Chrome/119.0.0.0 Safari/537.36"
